Microchip MPLAB XC8 Compiler V2.00 ()

Linker command line:

-W-3 --edf=C:\Program Files (x86)\Microchip\xc8\v2.00\pic\dat\en_msgs.txt \
  -cs -h+dist/default/production\Master.X.production.sym \
  --cmf=dist/default/production\Master.X.production.cmf -z -Q16F887 \
  -oC:\Users\JOSJAV~1\AppData\Local\Temp\sd20.2 --defsym=__MPLAB_BUILD=1 \
  -Mdist/default/production/Master.X.production.map -E1 -ver=XC8 \
  --acfsm=1493 -ASTACK=0110h-016fh -pstack=STACK -ACODE=00h-07FFhx4 \
  -ASTRCODE=00h-01FFFh -ASTRING=00h-0FFhx32 -ACONST=00h-0FFhx32 \
  -AENTRY=00h-0FFhx32 -ACOMMON=070h-07Fh -ABANK0=020h-06Fh \
  -ABANK1=0A0h-0EFh -ABANK2=0110h-016Fh -ABANK3=0190h-01EFh \
  -ARAM=020h-06Fh,0A0h-0EFh,0110h-016Fh,0190h-01EFh \
  -AABS1=020h-07Fh,0A0h-0EFh,0110h-016Fh,0190h-01EFh -ASFR0=00h-01Fh \
  -ASFR1=080h-09Fh -ASFR2=0100h-010Fh -ASFR3=0180h-018Fh \
  -preset_vec=00h,intentry,init,end_init -ppowerup=CODE -pcinit=CODE \
  -pfunctab=ENTRY -ACONFIG=02007h-02008h -pconfig=CONFIG -DCONFIG=2 \
  -AIDLOC=02000h-02003h -pidloc=IDLOC -DIDLOC=2 -AEEDATA=00h-0FFh/02100h \
  -peeprom_data=EEDATA -DEEDATA=2 -DCODE=2 -DSTRCODE=2 -DSTRING=2 -DCONST=2 \
  -DENTRY=2 -k C:\Users\JOSJAV~1\AppData\Local\Temp\sd20.o \
  dist/default/production\Master.X.production.o 

Object code version is 3.11

Machine type is 16F887



                Name                               Link     Load   Length Selector   Space Scale
C:\Users\JOSJAV~1\AppData\Local\Temp\sd20.o
                end_init                              0        0        3        0       0
                config                             2007     2007        2     400E       0
dist/default/production\Master.X.production.o
                cinit                               7F3      7F3        D      FE6       0
                text20                              499      499       6D      932       0
                text19                              461      461       38      8C2       0
                text18                              2CC      2CC        F      598       0
                text17                              3CD      3CD       2F      79A       0
                text16                              2A3      2A3        9      546       0
                text15                              355      355       24      6AA       0
                text14                              42E      42E       33      85C       0
                text13                              2DB      2DB        F      5B6       0
                text12                              379      379       27      6F2       0
                text11                              2AC      2AC        9      558       0
                text10                              2B5      2B5        A      56A       0
                text9                               320      320       16      640       0
                text8                               506      506       AD      A0C       0
                text7                               30C      30C       14      618       0
                text6                               3FC      3FC       32      7F8       0
                text5                               2EA      2EA       10      5D4       0
                text4                               3A0      3A0       2D      740       0
                text3                               2FA      2FA       12      5F4       0
                text2                               336      336       1F      66C       0
                text1                               2BF      2BF        D      57E       0
                maintext                            5B3      5B3      240      B66       0
                cstackBANK0                          40       40        A       20       1
                cstackCOMMON                         70       70        E       70       1
                clrtext                             29B      29B        8      536       0
                bssBANK0                             20       20       20       20       1
                strings                               3        3       33        6       0

TOTAL           Name                               Link     Load   Length     Space
        CLASS   STACK          

        CLASS   CODE           
                end_init                              0        0        3         0
                cinit                               7F3      7F3        D         0
                text20                              499      499       6D         0
                text19                              461      461       38         0
                text18                              2CC      2CC        F         0
                text17                              3CD      3CD       2F         0
                text16                              2A3      2A3        9         0
                text15                              355      355       24         0
                text14                              42E      42E       33         0
                text13                              2DB      2DB        F         0
                text12                              379      379       27         0
                text11                              2AC      2AC        9         0
                text10                              2B5      2B5        A         0
                text9                               320      320       16         0
                text8                               506      506       AD         0
                text7                               30C      30C       14         0
                text6                               3FC      3FC       32         0
                text5                               2EA      2EA       10         0
                text4                               3A0      3A0       2D         0
                text3                               2FA      2FA       12         0
                text2                               336      336       1F         0
                text1                               2BF      2BF        D         0
                maintext                            5B3      5B3      240         0
                clrtext                             29B      29B        8         0

        CLASS   STRCODE        

        CLASS   STRING         
                strings                               3        3       33         0

        CLASS   CONST          

        CLASS   ENTRY          

        CLASS   COMMON         
                cstackCOMMON                         70       70        E         1

        CLASS   BANK0          
                cstackBANK0                          40       40        A         1
                bssBANK0                             20       20       20         1

        CLASS   BANK1          

        CLASS   BANK2          

        CLASS   BANK3          

        CLASS   RAM            

        CLASS   ABS1           
                abs_s1                               7E       7E        2         1

        CLASS   SFR0           

        CLASS   SFR1           

        CLASS   SFR2           

        CLASS   SFR3           

        CLASS   CONFIG         
                config                             2007     2007        2         0

        CLASS   IDLOC          

        CLASS   EEDATA         



SEGMENTS        Name                           Load    Length   Top    Selector   Space  Class     Delta

                reset_vec                      000000  000003  000003         0       0  CODE        2
                strings                        000003  000033  000036         6       0  STRING      2
                bssBANK0                       000020  00002A  00004A        20       1  BANK0       1
                cstackCOMMON                   000070  00000E  00007E        70       1  COMMON      1
                clrtext                        00029B  000008  0002A3       536       0  CODE        2
                text16                         0002A3  000009  0002AC       546       0  CODE        2
                text11                         0002AC  000009  0002B5       558       0  CODE        2
                text10                         0002B5  00000A  0002BF       56A       0  CODE        2
                text1                          0002BF  00000D  0002CC       57E       0  CODE        2
                text18                         0002CC  00000F  0002DB       598       0  CODE        2
                text13                         0002DB  00000F  0002EA       5B6       0  CODE        2
                text5                          0002EA  000010  0002FA       5D4       0  CODE        2
                text3                          0002FA  000012  00030C       5F4       0  CODE        2
                text7                          00030C  000014  000320       618       0  CODE        2
                text9                          000320  000016  000336       640       0  CODE        2
                text2                          000336  00001F  000355       66C       0  CODE        2
                text15                         000355  000024  000379       6AA       0  CODE        2
                text12                         000379  000027  0003A0       6F2       0  CODE        2
                text4                          0003A0  00002D  0003CD       740       0  CODE        2
                text17                         0003CD  00002F  0003FC       79A       0  CODE        2
                text6                          0003FC  000032  00042E       7F8       0  CODE        2
                text14                         00042E  000033  000461       85C       0  CODE        2
                text19                         000461  000038  000499       8C2       0  CODE        2
                text20                         000499  00006D  000506       932       0  CODE        2
                text8                          000506  0000AD  0005B3       A0C       0  CODE        2
                maintext                       0005B3  000240  0007F3       B66       0  CODE        2
                cinit                          0007F3  00000D  000800       FE6       0  CODE        2
                config                         002007  000002  002009      400E       0  CONFIG      2


UNUSED ADDRESS RANGES

        Name                Unused          Largest block    Delta
        BANK0            004A-006F             26           1
        BANK1            00A0-00EF             50           1
        BANK2            0110-016F             60           1
        BANK3            0190-01EF             60           1
        CODE             0036-029A            265           2
                         0800-1FFF            800
        CONST            0036-029A            100           2
                         0800-1FFF            100
        EEDATA           2100-21FF            100           2
        ENTRY            0036-029A            100           2
                         0800-1FFF            100
        IDLOC            2000-2003              4           2
        RAM              004A-006F             26           1
                         00A0-00EF             50
                         0110-016F             60
                         0190-01EF             60
        SFR0             0000-001F             20           1
        SFR1             0080-009F             20           1
        SFR2             0100-010F             10           1
        SFR3             0180-018F             10           1
        STACK            0110-016F             60           1
        STRCODE          0036-029A            265           2
                         0800-1FFF           1800
        STRING           0036-029A            100           2
                         0800-1FFF            100

                                  Symbol Table

?_I2C_Master_Read          cstackCOMMON 0070
?___lldiv                  cstackCOMMON 0070
I2C_Master_Init@c          cstackBANK0  0040
I2C_Master_Read@a          cstackCOMMON 0070
I2C_Master_Read@temp       cstackCOMMON 0074
I2C_Master_Write@d         cstackCOMMON 0070
I2C_Start@add              cstackCOMMON 0074
LCD_CHAR@a                 cstackCOMMON 0071
LCD_CURSOR@a               cstackCOMMON 0074
LCD_CURSOR@b               cstackCOMMON 0076
LCD_CURSOR@d               cstackCOMMON 0078
LCD_DATO@var               cstackCOMMON 0070
LCD_STRING@a               cstackCOMMON 0074
LCD_STRING@n               cstackCOMMON 0072
_ACKDT                     (abs)        048D
_ACKEN                     (abs)        048C
_BAUDCTLbits               (abs)        0187
_BF                        (abs)        04A0
_GIE                       (abs)        005F
_I2C_Master_Init           text19       0461
_I2C_Master_Read           text17       03CD
_I2C_Master_Start          text16       02A3
_I2C_Master_Stop           text11       02AC
_I2C_Master_Wait           text18       02CC
_I2C_Master_Write          text10       02B5
_I2C_Start                 text9        0320
_LCD_CHAR                  text13       02DB
_LCD_CURSOR                text14       042E
_LCD_DATO                  text15       0355
_LCD_STRING                text12       0379
_MPU6050_Init              text8        0506
_PEIE                      (abs)        005E
_PORTB                     (abs)        0006
_PORTDbits                 (abs)        0008
_RCEN                      (abs)        048B
_RCSTAbits                 (abs)        0018
_SEN                       (abs)        0488
_SPBRG                     (abs)        0099
_SPBRGH                    (abs)        009A
_SSPADD                    (abs)        0093
_SSPBUF                    (abs)        0013
_SSPCON                    (abs)        0014
_SSPCON2                   (abs)        0091
_SSPCON2bits               (abs)        0091
_SSPIE                     (abs)        0463
_SSPIF                     (abs)        0063
_SSPSTAT                   (abs)        0094
_TRISB                     (abs)        0086
_TRISC3                    (abs)        043B
_TRISC4                    (abs)        043C
_TRISCbits                 (abs)        0087
_TRISD                     (abs)        0088
_TXREG                     (abs)        0019
_TXSTAbits                 (abs)        0098
__CFG_BOR4V$BOR40V         (abs)        0000
__CFG_BOREN$OFF            (abs)        0000
__CFG_CP$OFF               (abs)        0000
__CFG_CPD$OFF              (abs)        0000
__CFG_FCMEN$OFF            (abs)        0000
__CFG_FOSC$INTRC_NOCLKOUT  (abs)        0000
__CFG_IESO$OFF             (abs)        0000
__CFG_LVP$OFF              (abs)        0000
__CFG_MCLRE$OFF            (abs)        0000
__CFG_PWRTE$OFF            (abs)        0000
__CFG_WDTE$OFF             (abs)        0000
__CFG_WRT$OFF              (abs)        0000
__Habs1                    abs1         0000
__Hbank0                   bank0        0000
__Hbank1                   bank1        0000
__Hbank2                   bank2        0000
__Hbank3                   bank3        0000
__HbssBANK0                bssBANK0     0000
__Hcinit                   cinit        0800
__Hclrtext                 clrtext      0000
__Hcode                    code         0000
__Hcommon                  common       0000
__Hconfig                  config       2009
__HcstackBANK0             cstackBANK0  0000
__HcstackCOMMON            cstackCOMMON 0000
__Heeprom_data             eeprom_data  0000
__Hend_init                end_init     0003
__Hfunctab                 functab      0000
__Hidloc                   idloc        0000
__Hinit                    init         0000
__Hintentry                intentry     0000
__Hmaintext                maintext     0000
__Hpowerup                 powerup      0000
__Hram                     ram          0000
__Hreset_vec               reset_vec    0000
__Hsfr0                    sfr0         0000
__Hsfr1                    sfr1         0000
__Hsfr2                    sfr2         0000
__Hsfr3                    sfr3         0000
__Hspace_0                 (abs)        2009
__Hspace_1                 (abs)        007E
__Hspace_2                 (abs)        0000
__Hspace_3                 (abs)        0000
__Hstack                   stack        0000
__Hstrings                 strings      0000
__Htext                    text         0000
__Labs1                    abs1         0000
__Lbank0                   bank0        0000
__Lbank1                   bank1        0000
__Lbank2                   bank2        0000
__Lbank3                   bank3        0000
__LbssBANK0                bssBANK0     0000
__Lcinit                   cinit        07F3
__Lclrtext                 clrtext      0000
__Lcode                    code         0000
__Lcommon                  common       0000
__Lconfig                  config       2007
__LcstackBANK0             cstackBANK0  0000
__LcstackCOMMON            cstackCOMMON 0000
__Leeprom_data             eeprom_data  0000
__Lend_init                end_init     0000
__Lfunctab                 functab      0000
__Lidloc                   idloc        0000
__Linit                    init         0000
__Lintentry                intentry     0000
__Lmaintext                maintext     0000
__Lpowerup                 powerup      0000
__Lram                     ram          0000
__Lreset_vec               reset_vec    0000
__Lsfr0                    sfr0         0000
__Lsfr1                    sfr1         0000
__Lsfr2                    sfr2         0000
__Lsfr3                    sfr3         0000
__Lspace_0                 (abs)        0000
__Lspace_1                 (abs)        0000
__Lspace_2                 (abs)        0000
__Lspace_3                 (abs)        0000
__Lstack                   stack        0000
__Lstrings                 strings      0000
__Ltext                    text         0000
__S0                       (abs)        2009
__S1                       (abs)        007E
__S2                       (abs)        0000
__S3                       (abs)        0000
___int_sp                  stack        0000
___latbits                 (abs)        0002
___lldiv                   text20       0499
___lldiv@counter           cstackCOMMON 007D
___lldiv@dividend          cstackCOMMON 0074
___lldiv@divisor           cstackCOMMON 0070
___lldiv@quotient          cstackCOMMON 0079
___sp                      stack        0000
__end_of_I2C_Master_Init   text19       0499
__end_of_I2C_Master_Read   text17       03FC
__end_of_I2C_Master_Start  text16       02AC
__end_of_I2C_Master_Stop   text11       02B5
__end_of_I2C_Master_Wait   text18       02DB
__end_of_I2C_Master_Write  text10       02BF
__end_of_I2C_Start         text9        0336
__end_of_LCD_CHAR          text13       02EA
__end_of_LCD_CURSOR        text14       0461
__end_of_LCD_DATO          text15       0379
__end_of_LCD_STRING        text12       03A0
__end_of_MPU6050_Init      text8        05B3
__end_of___lldiv           text20       0506
__end_of__initialization   cinit        07FC
__end_of__stringtab        strings      0009
__end_of_config            text7        0320
__end_of_delay             text6        042E
__end_of_lcd_cmd           text3        030C
__end_of_lcd_init          text2        0355
__end_of_lcd_lat           text5        02FA
__end_of_lcd_ready         text4        03CD
__end_of_main              maintext     07F3
__end_of_mandar            text1        02CC
__initialization           cinit        07F3
__pbssBANK0                bssBANK0     0020
__pcstackBANK0             cstackBANK0  0040
__pcstackCOMMON            cstackCOMMON 0070
__pmaintext                maintext     05B3
__pstrings                 strings      0003
__ptext1                   text1        02BF
__ptext10                  text10       02B5
__ptext11                  text11       02AC
__ptext12                  text12       0379
__ptext13                  text13       02DB
__ptext14                  text14       042E
__ptext15                  text15       0355
__ptext16                  text16       02A3
__ptext17                  text17       03CD
__ptext18                  text18       02CC
__ptext19                  text19       0461
__ptext2                   text2        0336
__ptext20                  text20       0499
__ptext3                   text3        02FA
__ptext4                   text4        03A0
__ptext5                   text5        02EA
__ptext6                   text6        03FC
__ptext7                   text7        030C
__ptext8                   text8        0506
__ptext9                   text9        0320
__size_of_I2C_Master_Init  (abs)        0000
__size_of_I2C_Master_Read  (abs)        0000
__size_of_I2C_Master_Start (abs)        0000
__size_of_I2C_Master_Stop  (abs)        0000
__size_of_I2C_Master_Wait  (abs)        0000
__size_of_I2C_Master_Write (abs)        0000
__size_of_I2C_Start        (abs)        0000
__size_of_LCD_CHAR         (abs)        0000
__size_of_LCD_CURSOR       (abs)        0000
__size_of_LCD_DATO         (abs)        0000
__size_of_LCD_STRING       (abs)        0000
__size_of_MPU6050_Init     (abs)        0000
__size_of___lldiv          (abs)        0000
__size_of_config           (abs)        0000
__size_of_delay            (abs)        0000
__size_of_lcd_cmd          (abs)        0000
__size_of_lcd_init         (abs)        0000
__size_of_lcd_lat          (abs)        0000
__size_of_lcd_ready        (abs)        0000
__size_of_main             (abs)        0000
__size_of_mandar           (abs)        0000
__stringbase               strings      0008
__stringtab                strings      0003
_ala                       bssBANK0     0030
_config                    text7        030C
_delay                     text6        03FC
_lcd_cmd                   text3        02FA
_lcd_init                  text2        0336
_lcd_lat                   text5        02EA
_lcd_ready                 text4        03A0
_main                      maintext     05B3
_mandar                    text1        02BF
_mot1                      bssBANK0     0036
_mot2                      bssBANK0     0034
_mot3                      bssBANK0     0032
_valor1                    bssBANK0     003E
_valor2                    bssBANK0     003C
_valor3                    bssBANK0     003A
_valor4                    bssBANK0     0038
btemp                      (abs)        007E
clear_ram0                 clrtext      029B
delay@i                    cstackCOMMON 0074
delay@j                    cstackCOMMON 0072
delay@ms                   cstackCOMMON 0070
end_of_initialization      cinit        07FC
intlevel0                  functab      0000
intlevel1                  functab      0000
intlevel2                  functab      0000
intlevel3                  functab      0000
intlevel4                  functab      0000
intlevel5                  functab      0000
lcd_cmd@x                  cstackCOMMON 0077
mandar@dato                cstackCOMMON 0070
reset_vec                  reset_vec    0000
stackhi                    (abs)        0000
stacklo                    (abs)        0000
start                      init         0000
start_initialization       cinit        07F3
wtemp0                     (abs)        007E


FUNCTION INFORMATION:

 *************** function _main *****************
 Defined at:
		line 41 in file "Pri-Master.c"
 Parameters:    Size  Location     Type
		None
 Auto vars:     Size  Location     Type
		None
 Return value:  Size  Location     Type
                  1    wreg      void 
 Registers used:
		wreg, fsr0l, fsr0h, status,2, status,0, btemp+1, pclath, cstack
 Tracked objects:
		On entry : 
		On exit  : 
		Unchanged: 
 Data sizes:     COMMON   BANK0   BANK1   BANK3   BANK2
      Params:         0       0       0       0       0
      Locals:         0       0       0       0       0
      Temps:          0       2       0       0       0
      Totals:         0       2       0       0       0
Total ram usage:        2 bytes
 Hardware stack levels required when called:    4
 This function calls:
		_I2C_Master_Init
		_I2C_Master_Read
		_I2C_Master_Start
		_I2C_Master_Stop
		_I2C_Master_Write
		_LCD_CURSOR
		_LCD_DATO
		_LCD_STRING
		_MPU6050_Init
		_config
		_delay
		_lcd_init
		_mandar
 This function is called by:
		Startup code after reset
 This function uses a non-reentrant model


 *************** function _mandar *****************
 Defined at:
		line 24 in file "USART1.c"
 Parameters:    Size  Location     Type
  dato            2    0[COMMON] int 
 Auto vars:     Size  Location     Type
		None
 Return value:  Size  Location     Type
                  1    wreg      void 
 Registers used:
		wreg
 Tracked objects:
		On entry : 
		On exit  : 
		Unchanged: 
 Data sizes:     COMMON   BANK0   BANK1   BANK3   BANK2
      Params:         2       0       0       0       0
      Locals:         0       0       0       0       0
      Temps:          0       0       0       0       0
      Totals:         2       0       0       0       0
Total ram usage:        2 bytes
 Hardware stack levels used:    1
 This function calls:
		Nothing
 This function is called by:
		_main
 This function uses a non-reentrant model


 *************** function _lcd_init *****************
 Defined at:
		line 45 in file "LCD.c"
 Parameters:    Size  Location     Type
		None
 Auto vars:     Size  Location     Type
		None
 Return value:  Size  Location     Type
                  1    wreg      void 
 Registers used:
		wreg, status,2, status,0, pclath, cstack
 Tracked objects:
		On entry : 
		On exit  : 
		Unchanged: 
 Data sizes:     COMMON   BANK0   BANK1   BANK3   BANK2
      Params:         0       0       0       0       0
      Locals:         0       0       0       0       0
      Temps:          0       0       0       0       0
      Totals:         0       0       0       0       0
Total ram usage:        0 bytes
 Hardware stack levels used:    1
 Hardware stack levels required when called:    3
 This function calls:
		_lcd_cmd
 This function is called by:
		_main
 This function uses a non-reentrant model


 *************** function _lcd_cmd *****************
 Defined at:
		line 36 in file "LCD.c"
 Parameters:    Size  Location     Type
  x               1    wreg     unsigned char 
 Auto vars:     Size  Location     Type
  x               1    7[COMMON] unsigned char 
 Return value:  Size  Location     Type
                  1    wreg      void 
 Registers used:
		wreg, status,2, status,0, pclath, cstack
 Tracked objects:
		On entry : 
		On exit  : 
		Unchanged: 
 Data sizes:     COMMON   BANK0   BANK1   BANK3   BANK2
      Params:         0       0       0       0       0
      Locals:         1       0       0       0       0
      Temps:          0       0       0       0       0
      Totals:         1       0       0       0       0
Total ram usage:        1 bytes
 Hardware stack levels used:    1
 Hardware stack levels required when called:    2
 This function calls:
		_lcd_lat
		_lcd_ready
 This function is called by:
		_lcd_init
 This function uses a non-reentrant model


 *************** function _lcd_ready *****************
 Defined at:
		line 19 in file "LCD.c"
 Parameters:    Size  Location     Type
		None
 Auto vars:     Size  Location     Type
		None
 Return value:  Size  Location     Type
                  1    wreg      void 
 Registers used:
		wreg, status,2, status,0, pclath, cstack
 Tracked objects:
		On entry : 
		On exit  : 
		Unchanged: 
 Data sizes:     COMMON   BANK0   BANK1   BANK3   BANK2
      Params:         0       0       0       0       0
      Locals:         0       0       0       0       0
      Temps:          1       0       0       0       0
      Totals:         1       0       0       0       0
Total ram usage:        1 bytes
 Hardware stack levels used:    1
 Hardware stack levels required when called:    1
 This function calls:
		_delay
 This function is called by:
		_lcd_cmd
 This function uses a non-reentrant model


 *************** function _lcd_lat *****************
 Defined at:
		line 12 in file "LCD.c"
 Parameters:    Size  Location     Type
		None
 Auto vars:     Size  Location     Type
		None
 Return value:  Size  Location     Type
                  1    wreg      void 
 Registers used:
		wreg, status,2, status,0, pclath, cstack
 Tracked objects:
		On entry : 
		On exit  : 
		Unchanged: 
 Data sizes:     COMMON   BANK0   BANK1   BANK3   BANK2
      Params:         0       0       0       0       0
      Locals:         0       0       0       0       0
      Temps:          0       0       0       0       0
      Totals:         0       0       0       0       0
Total ram usage:        0 bytes
 Hardware stack levels used:    1
 Hardware stack levels required when called:    1
 This function calls:
		_delay
 This function is called by:
		_lcd_cmd
 This function uses a non-reentrant model


 *************** function _delay *****************
 Defined at:
		line 54 in file "LCD.c"
 Parameters:    Size  Location     Type
  ms              2    0[COMMON] unsigned int 
 Auto vars:     Size  Location     Type
  i               2    4[COMMON] unsigned int 
  j               2    2[COMMON] unsigned int 
 Return value:  Size  Location     Type
                  1    wreg      void 
 Registers used:
		wreg, status,2
 Tracked objects:
		On entry : 
		On exit  : 
		Unchanged: 
 Data sizes:     COMMON   BANK0   BANK1   BANK3   BANK2
      Params:         2       0       0       0       0
      Locals:         4       0       0       0       0
      Temps:          0       0       0       0       0
      Totals:         6       0       0       0       0
Total ram usage:        6 bytes
 Hardware stack levels used:    1
 This function calls:
		Nothing
 This function is called by:
		_lcd_lat
		_lcd_ready
		_main
 This function uses a non-reentrant model


 *************** function _config *****************
 Defined at:
		line 12 in file "USART1.c"
 Parameters:    Size  Location     Type
		None
 Auto vars:     Size  Location     Type
		None
 Return value:  Size  Location     Type
                  1    wreg      void 
 Registers used:
		wreg, status,2
 Tracked objects:
		On entry : 
		On exit  : 
		Unchanged: 
 Data sizes:     COMMON   BANK0   BANK1   BANK3   BANK2
      Params:         0       0       0       0       0
      Locals:         0       0       0       0       0
      Temps:          0       0       0       0       0
      Totals:         0       0       0       0       0
Total ram usage:        0 bytes
 Hardware stack levels used:    1
 This function calls:
		Nothing
 This function is called by:
		_main
 This function uses a non-reentrant model


 *************** function _MPU6050_Init *****************
 Defined at:
		line 16 in file "MPU6050.c"
 Parameters:    Size  Location     Type
		None
 Auto vars:     Size  Location     Type
		None
 Return value:  Size  Location     Type
                  1    wreg      void 
 Registers used:
		wreg, status,2, status,0, pclath, cstack
 Tracked objects:
		On entry : 
		On exit  : 
		Unchanged: 
 Data sizes:     COMMON   BANK0   BANK1   BANK3   BANK2
      Params:         0       0       0       0       0
      Locals:         0       0       0       0       0
      Temps:          0       0       0       0       0
      Totals:         0       0       0       0       0
Total ram usage:        0 bytes
 Hardware stack levels used:    1
 Hardware stack levels required when called:    3
 This function calls:
		_I2C_Master_Stop
		_I2C_Master_Write
		_I2C_Start
 This function is called by:
		_main
 This function uses a non-reentrant model


 *************** function _I2C_Start *****************
 Defined at:
		line 108 in file "I2C.c"
 Parameters:    Size  Location     Type
  add             1    wreg     unsigned char 
 Auto vars:     Size  Location     Type
  add             1    4[COMMON] unsigned char 
 Return value:  Size  Location     Type
                  1    wreg      void 
 Registers used:
		wreg, status,2, status,0, pclath, cstack
 Tracked objects:
		On entry : 
		On exit  : 
		Unchanged: 
 Data sizes:     COMMON   BANK0   BANK1   BANK3   BANK2
      Params:         0       0       0       0       0
      Locals:         1       0       0       0       0
      Temps:          2       0       0       0       0
      Totals:         3       0       0       0       0
Total ram usage:        3 bytes
 Hardware stack levels used:    1
 Hardware stack levels required when called:    2
 This function calls:
		_I2C_Master_Wait
		_I2C_Master_Write
 This function is called by:
		_MPU6050_Init
		_MPU6050_Read
 This function uses a non-reentrant model


 *************** function _I2C_Master_Write *****************
 Defined at:
		line 66 in file "I2C.c"
 Parameters:    Size  Location     Type
  d               2    0[COMMON] unsigned int 
 Auto vars:     Size  Location     Type
		None
 Return value:  Size  Location     Type
                  1    wreg      void 
 Registers used:
		wreg, status,2, status,0, pclath, cstack
 Tracked objects:
		On entry : 
		On exit  : 
		Unchanged: 
 Data sizes:     COMMON   BANK0   BANK1   BANK3   BANK2
      Params:         2       0       0       0       0
      Locals:         0       0       0       0       0
      Temps:          0       0       0       0       0
      Totals:         2       0       0       0       0
Total ram usage:        2 bytes
 Hardware stack levels used:    1
 Hardware stack levels required when called:    1
 This function calls:
		_I2C_Master_Wait
 This function is called by:
		_I2C_Start
		_main
		_MPU6050_Init
		_MPU6050_Read
 This function uses a non-reentrant model


 *************** function _I2C_Master_Stop *****************
 Defined at:
		line 56 in file "I2C.c"
 Parameters:    Size  Location     Type
		None
 Auto vars:     Size  Location     Type
		None
 Return value:  Size  Location     Type
                  1    wreg      void 
 Registers used:
		wreg, status,2, status,0, pclath, cstack
 Tracked objects:
		On entry : 
		On exit  : 
		Unchanged: 
 Data sizes:     COMMON   BANK0   BANK1   BANK3   BANK2
      Params:         0       0       0       0       0
      Locals:         0       0       0       0       0
      Temps:          0       0       0       0       0
      Totals:         0       0       0       0       0
Total ram usage:        0 bytes
 Hardware stack levels used:    1
 Hardware stack levels required when called:    1
 This function calls:
		_I2C_Master_Wait
 This function is called by:
		_main
		_MPU6050_Init
		_MPU6050_Read
 This function uses a non-reentrant model


 *************** function _LCD_STRING *****************
 Defined at:
		line 98 in file "LCD.c"
 Parameters:    Size  Location     Type
  a               1    wreg     PTR unsigned char 
		 -> STR_3(17), STR_2(16), STR_1(12), 
 Auto vars:     Size  Location     Type
  a               1    4[COMMON] PTR unsigned char 
		 -> STR_3(17), STR_2(16), STR_1(12), 
  n               2    2[COMMON] int 
 Return value:  Size  Location     Type
                  1    wreg      void 
 Registers used:
		wreg, fsr0l, fsr0h, status,2, status,0, pclath, cstack
 Tracked objects:
		On entry : 
		On exit  : 
		Unchanged: 
 Data sizes:     COMMON   BANK0   BANK1   BANK3   BANK2
      Params:         0       0       0       0       0
      Locals:         3       0       0       0       0
      Temps:          0       0       0       0       0
      Totals:         3       0       0       0       0
Total ram usage:        3 bytes
 Hardware stack levels used:    1
 Hardware stack levels required when called:    1
 This function calls:
		_LCD_CHAR
 This function is called by:
		_main
 This function uses a non-reentrant model


 *************** function _LCD_CHAR *****************
 Defined at:
		line 88 in file "LCD.c"
 Parameters:    Size  Location     Type
  a               1    wreg     unsigned char 
 Auto vars:     Size  Location     Type
  a               1    1[COMMON] unsigned char 
 Return value:  Size  Location     Type
                  1    wreg      void 
 Registers used:
		wreg
 Tracked objects:
		On entry : 
		On exit  : 
		Unchanged: 
 Data sizes:     COMMON   BANK0   BANK1   BANK3   BANK2
      Params:         0       0       0       0       0
      Locals:         1       0       0       0       0
      Temps:          1       0       0       0       0
      Totals:         2       0       0       0       0
Total ram usage:        2 bytes
 Hardware stack levels used:    1
 This function calls:
		Nothing
 This function is called by:
		_LCD_STRING
 This function uses a non-reentrant model


 *************** function _LCD_CURSOR *****************
 Defined at:
		line 71 in file "LCD.c"
 Parameters:    Size  Location     Type
  a               2    4[COMMON] int 
  b               2    6[COMMON] int 
 Auto vars:     Size  Location     Type
  d               2    8[COMMON] int 
 Return value:  Size  Location     Type
                  1    wreg      void 
 Registers used:
		wreg, status,2, status,0, pclath, cstack
 Tracked objects:
		On entry : 
		On exit  : 
		Unchanged: 
 Data sizes:     COMMON   BANK0   BANK1   BANK3   BANK2
      Params:         4       0       0       0       0
      Locals:         2       0       0       0       0
      Temps:          0       0       0       0       0
      Totals:         6       0       0       0       0
Total ram usage:        6 bytes
 Hardware stack levels used:    1
 Hardware stack levels required when called:    1
 This function calls:
		_LCD_DATO
 This function is called by:
		_main
 This function uses a non-reentrant model


 *************** function _LCD_DATO *****************
 Defined at:
		line 61 in file "LCD.c"
 Parameters:    Size  Location     Type
  var             2    0[COMMON] int 
 Auto vars:     Size  Location     Type
		None
 Return value:  Size  Location     Type
                  1    wreg      void 
 Registers used:
		wreg
 Tracked objects:
		On entry : 
		On exit  : 
		Unchanged: 
 Data sizes:     COMMON   BANK0   BANK1   BANK3   BANK2
      Params:         2       0       0       0       0
      Locals:         0       0       0       0       0
      Temps:          2       0       0       0       0
      Totals:         4       0       0       0       0
Total ram usage:        4 bytes
 Hardware stack levels used:    1
 This function calls:
		Nothing
 This function is called by:
		_LCD_CURSOR
		_main
 This function uses a non-reentrant model


 *************** function _I2C_Master_Start *****************
 Defined at:
		line 40 in file "I2C.c"
 Parameters:    Size  Location     Type
		None
 Auto vars:     Size  Location     Type
		None
 Return value:  Size  Location     Type
                  1    wreg      void 
 Registers used:
		wreg, status,2, status,0, pclath, cstack
 Tracked objects:
		On entry : 
		On exit  : 
		Unchanged: 
 Data sizes:     COMMON   BANK0   BANK1   BANK3   BANK2
      Params:         0       0       0       0       0
      Locals:         0       0       0       0       0
      Temps:          0       0       0       0       0
      Totals:         0       0       0       0       0
Total ram usage:        0 bytes
 Hardware stack levels used:    1
 Hardware stack levels required when called:    1
 This function calls:
		_I2C_Master_Wait
 This function is called by:
		_main
 This function uses a non-reentrant model


 *************** function _I2C_Master_Read *****************
 Defined at:
		line 75 in file "I2C.c"
 Parameters:    Size  Location     Type
  a               2    0[COMMON] unsigned short 
 Auto vars:     Size  Location     Type
  temp            2    4[COMMON] unsigned short 
 Return value:  Size  Location     Type
                  2    0[COMMON] unsigned short 
 Registers used:
		wreg, status,2, status,0, pclath, cstack
 Tracked objects:
		On entry : 
		On exit  : 
		Unchanged: 
 Data sizes:     COMMON   BANK0   BANK1   BANK3   BANK2
      Params:         2       0       0       0       0
      Locals:         2       0       0       0       0
      Temps:          2       0       0       0       0
      Totals:         6       0       0       0       0
Total ram usage:        6 bytes
 Hardware stack levels used:    1
 Hardware stack levels required when called:    1
 This function calls:
		_I2C_Master_Wait
 This function is called by:
		_main
 This function uses a non-reentrant model


 *************** function _I2C_Master_Wait *****************
 Defined at:
		line 33 in file "I2C.c"
 Parameters:    Size  Location     Type
		None
 Auto vars:     Size  Location     Type
		None
 Return value:  Size  Location     Type
                  1    wreg      void 
 Registers used:
		wreg, status,2
 Tracked objects:
		On entry : 
		On exit  : 
		Unchanged: 
 Data sizes:     COMMON   BANK0   BANK1   BANK3   BANK2
      Params:         0       0       0       0       0
      Locals:         0       0       0       0       0
      Temps:          0       0       0       0       0
      Totals:         0       0       0       0       0
Total ram usage:        0 bytes
 Hardware stack levels used:    1
 This function calls:
		Nothing
 This function is called by:
		_I2C_Master_Start
		_I2C_Master_Stop
		_I2C_Master_Write
		_I2C_Master_Read
		_I2C_Start
		_I2C_Master_RepeatedStart
 This function uses a non-reentrant model


 *************** function _I2C_Master_Init *****************
 Defined at:
		line 17 in file "I2C.c"
 Parameters:    Size  Location     Type
  c               4    0[BANK0 ] const unsigned long 
 Auto vars:     Size  Location     Type
		None
 Return value:  Size  Location     Type
                  1    wreg      void 
 Registers used:
		wreg, status,2, status,0, pclath, cstack
 Tracked objects:
		On entry : 
		On exit  : 
		Unchanged: 
 Data sizes:     COMMON   BANK0   BANK1   BANK3   BANK2
      Params:         0       4       0       0       0
      Locals:         0       0       0       0       0
      Temps:          0       4       0       0       0
      Totals:         0       8       0       0       0
Total ram usage:        8 bytes
 Hardware stack levels used:    1
 Hardware stack levels required when called:    1
 This function calls:
		___lldiv
 This function is called by:
		_main
 This function uses a non-reentrant model


 *************** function ___lldiv *****************
 Defined at:
		line 5 in file "C:\Program Files (x86)\Microchip\xc8\v2.00\pic\sources\c90\common\__lldiv.c"
 Parameters:    Size  Location     Type
  divisor         4    0[COMMON] unsigned long 
  dividend        4    4[COMMON] unsigned long 
 Auto vars:     Size  Location     Type
  quotient        4    9[COMMON] unsigned long 
  counter         1   13[COMMON] unsigned char 
 Return value:  Size  Location     Type
                  4    0[COMMON] unsigned long 
 Registers used:
		wreg, status,2, status,0
 Tracked objects:
		On entry : 
		On exit  : 
		Unchanged: 
 Data sizes:     COMMON   BANK0   BANK1   BANK3   BANK2
      Params:         8       0       0       0       0
      Locals:         5       0       0       0       0
      Temps:          1       0       0       0       0
      Totals:        14       0       0       0       0
Total ram usage:       14 bytes
 Hardware stack levels used:    1
 This function calls:
		Nothing
 This function is called by:
		_I2C_Master_Init
 This function uses a non-reentrant model



MODULE INFORMATION

Module		Function		Class		Link	Load	Size
MPU6050.c
		_MPU6050_Init  		CODE           	0506	0000	174

MPU6050.c estimated size: 174

USART1.c
		_config        		CODE           	030C	0000	21
		_mandar        		CODE           	02BF	0000	14

USART1.c estimated size: 35

I2C.c
		_I2C_Master_Read		CODE           	03CD	0000	48
		_I2C_Master_Wait		CODE           	02CC	0000	16
		_I2C_Master_Init		CODE           	0461	0000	57
		_I2C_Master_Stop		CODE           	02AC	0000	10
		_I2C_Master_Write		CODE           	02B5	0000	11
		_I2C_Start     		CODE           	0320	0000	23
		_I2C_Master_Start		CODE           	02A3	0000	10

I2C.c estimated size: 175

C:\Program Files (x86)\Microchip\xc8\v2.00\pic\sources\c90\common\__lldiv.c
		___lldiv       		CODE           	0499	0000	110

C:\Program Files (x86)\Microchip\xc8\v2.00\pic\sources\c90\common\__lldiv.c estimated size: 110

shared
		__stringtab    		STRING         	0003	0000	7
		__initialization		CODE           	07F3	0000	10

shared estimated size: 17

Pri-Master.c
		_main          		CODE           	05B3	0000	577

Pri-Master.c estimated size: 577

LCD.c
		_LCD_STRING    		CODE           	0379	0000	40
		_delay         		CODE           	03FC	0000	51
		_lcd_cmd       		CODE           	02FA	0000	19
		_LCD_DATO      		CODE           	0355	0000	37
		_LCD_CHAR      		CODE           	02DB	0000	16
		_lcd_lat       		CODE           	02EA	0000	17
		_LCD_CURSOR    		CODE           	042E	0000	52
		_lcd_ready     		CODE           	03A0	0000	46
		_lcd_init      		CODE           	0336	0000	32

LCD.c estimated size: 310

