Microchip MPLAB XC8 Compiler V2.00 ()

Linker command line:

-W-3 --edf=C:\Program Files (x86)\Microchip\xc8\v2.00\pic\dat\en_msgs.txt \
  -cs -h+dist/default/production\Master.X.production.sym \
  --cmf=dist/default/production\Master.X.production.cmf -z -Q16F887 \
  -oC:\Users\JOSJAV~1\AppData\Local\Temp\s2lc.2 --defsym=__MPLAB_BUILD=1 \
  -Mdist/default/production/Master.X.production.map -E1 -ver=XC8 \
  --acfsm=1493 -ASTACK=0110h-016fh -pstack=STACK -ACODE=00h-07FFhx4 \
  -ASTRCODE=00h-01FFFh -ASTRING=00h-0FFhx32 -ACONST=00h-0FFhx32 \
  -AENTRY=00h-0FFhx32 -ACOMMON=070h-07Fh -ABANK0=020h-06Fh \
  -ABANK1=0A0h-0EFh -ABANK2=0110h-016Fh -ABANK3=0190h-01EFh \
  -ARAM=020h-06Fh,0A0h-0EFh,0110h-016Fh,0190h-01EFh \
  -AABS1=020h-07Fh,0A0h-0EFh,0110h-016Fh,0190h-01EFh -ASFR0=00h-01Fh \
  -ASFR1=080h-09Fh -ASFR2=0100h-010Fh -ASFR3=0180h-018Fh \
  -preset_vec=00h,intentry,init,end_init -ppowerup=CODE -pcinit=CODE \
  -pfunctab=ENTRY -ACONFIG=02007h-02008h -pconfig=CONFIG -DCONFIG=2 \
  -AIDLOC=02000h-02003h -pidloc=IDLOC -DIDLOC=2 -AEEDATA=00h-0FFh/02100h \
  -peeprom_data=EEDATA -DEEDATA=2 -DCODE=2 -DSTRCODE=2 -DSTRING=2 -DCONST=2 \
  -DENTRY=2 -k C:\Users\JOSJAV~1\AppData\Local\Temp\s2lc.o \
  dist/default/production\Master.X.production.o 

Object code version is 3.11

Machine type is 16F887



                Name                               Link     Load   Length Selector   Space Scale
C:\Users\JOSJAV~1\AppData\Local\Temp\s2lc.o
                end_init                              0        0        3        0       0
                config                             2007     2007        2     400E       0
dist/default/production\Master.X.production.o
                cinit                               7D1      7D1       2F      FA2       0
                text31                              D96      D96        6     1B2C       0
                text30                              DD5      DD5        D     1BAA       0
                text29                              1D8      1D8       6D      3B0       0
                text28                               94       94       38      128       0
                text27                              E95      E95       24     1D2A       0
                text26                              F99      F99       33     1F32       0
                text25                              DE2      DE2        F     1BC4       0
                text24                              149      149       44      292       0
                text23                              EB9      EB9       28     1D72       0
                text22                              E35      E35       14     1C6A       0
                text21                              245      245       85      48A       0
                text20                              E49      E49       14     1C92       0
                text19                              F67      F67       32     1ECE       0
                text18                              E00      E00       10     1C00       0
                text17                              F0B      F0B       2D     1E16       0
                text16                              E10      E10       12     1C20       0
                text15                              E76      E76       1F     1CEC       0
                text14                               52       52        D       A4       0
                text13                              DF1      DF1        F     1BE2       0
                text12                              F38      F38       2F     1E70       0
                text11                              DA4      DA4        9     1B48       0
                text10                              DAD      DAD        9     1B5A       0
                text9                               DB6      DB6        9     1B6C       0
                text8                               DBF      DBF        A     1B7E       0
                text7                                CC       CC       3C      198       0
                text6                               FCC      FCC       34     1F98       0
                text5                                5F       5F       35       BE       0
                text4                               E5D      E5D       19     1CBA       0
                text3                               18D      18D       4B      31A       0
                text2                               108      108       41      210       0
                text1                               2CA      2CA      18B      594       0
                maintext                            455      455      37C      8AA       0
                cstackBANK0                          49       49       17       20       1
                cstackCOMMON                         70       70        E       70       1
                clrtext                             D9C      D9C        8     1B38       0
                inittext                            E22      E22       13     1C44       0
                dataBANK1                            A0       A0       2A       A0       1
                bssBANK1                             CA       CA       10       A0       1
                dataBANK0                            60       60        C       20       1
                bssBANK0                             20       20       29       20       1
                strings                               3        3       4F        6       0
                idataBANK1                          EE1      EE1       2A     1DC2       0
                idataBANK0                          DC9      DC9        C     1B92       0

TOTAL           Name                               Link     Load   Length     Space
        CLASS   STACK          

        CLASS   CODE           
                end_init                              0        0        3         0
                cinit                               7D1      7D1       2F         0
                text31                              D96      D96        6         0
                text30                              DD5      DD5        D         0
                text29                              1D8      1D8       6D         0
                text28                               94       94       38         0
                text27                              E95      E95       24         0
                text26                              F99      F99       33         0
                text25                              DE2      DE2        F         0
                text24                              149      149       44         0
                text23                              EB9      EB9       28         0
                text22                              E35      E35       14         0
                text21                              245      245       85         0
                text20                              E49      E49       14         0
                text19                              F67      F67       32         0
                text18                              E00      E00       10         0
                text17                              F0B      F0B       2D         0
                text16                              E10      E10       12         0
                text15                              E76      E76       1F         0
                text14                               52       52        D         0
                text13                              DF1      DF1        F         0
                text12                              F38      F38       2F         0
                text11                              DA4      DA4        9         0
                text10                              DAD      DAD        9         0
                text9                               DB6      DB6        9         0
                text8                               DBF      DBF        A         0
                text7                                CC       CC       3C         0
                text6                               FCC      FCC       34         0
                text5                                5F       5F       35         0
                text4                               E5D      E5D       19         0
                text3                               18D      18D       4B         0
                text2                               108      108       41         0
                text1                               2CA      2CA      18B         0
                maintext                            455      455      37C         0
                clrtext                             D9C      D9C        8         0
                inittext                            E22      E22       13         0
                idataBANK1                          EE1      EE1       2A         0
                idataBANK0                          DC9      DC9        C         0

        CLASS   STRCODE        

        CLASS   STRING         
                strings                               3        3       4F         0

        CLASS   CONST          

        CLASS   ENTRY          

        CLASS   COMMON         
                cstackCOMMON                         70       70        E         1

        CLASS   BANK0          
                cstackBANK0                          49       49       17         1
                dataBANK0                            60       60        C         1
                bssBANK0                             20       20       29         1

        CLASS   BANK1          
                dataBANK1                            A0       A0       2A         1
                bssBANK1                             CA       CA       10         1

        CLASS   BANK2          

        CLASS   BANK3          

        CLASS   RAM            

        CLASS   ABS1           
                abs_s1                               7E       7E        2         1

        CLASS   SFR0           

        CLASS   SFR1           

        CLASS   SFR2           

        CLASS   SFR3           

        CLASS   CONFIG         
                config                             2007     2007        2         0

        CLASS   IDLOC          

        CLASS   EEDATA         



SEGMENTS        Name                           Load    Length   Top    Selector   Space  Class     Delta

                reset_vec                      000000  000003  000003         0       0  CODE        2
                strings                        000003  00004F  000052         6       0  STRING      2
                bssBANK0                       000020  00004C  00006C        20       1  BANK0       1
                cstackCOMMON                   000070  00000E  00007E        70       1  COMMON      1
                dataBANK1                      0000A0  00003A  0000DA        A0       1  BANK1       1
                text14                         000052  00000D  00005F        A4       0  CODE        2
                text5                          00005F  000035  000094        BE       0  CODE        2
                text28                         000094  000038  0000CC       128       0  CODE        2
                text7                          0000CC  00003C  000108       198       0  CODE        2
                text2                          000108  000041  000149       210       0  CODE        2
                text24                         000149  000044  00018D       292       0  CODE        2
                text3                          00018D  00004B  0001D8       31A       0  CODE        2
                text29                         0001D8  00006D  000245       3B0       0  CODE        2
                text21                         000245  000085  0002CA       48A       0  CODE        2
                text1                          0002CA  00018B  000455       594       0  CODE        2
                maintext                       000455  00037C  0007D1       8AA       0  CODE        2
                cinit                          0007D1  00002F  000800       FA2       0  CODE        2
                text31                         000D96  000006  000D9C      1B2C       0  CODE        2
                clrtext                        000D9C  000008  000DA4      1B38       0  CODE        2
                text11                         000DA4  000009  000DAD      1B48       0  CODE        2
                text10                         000DAD  000009  000DB6      1B5A       0  CODE        2
                text9                          000DB6  000009  000DBF      1B6C       0  CODE        2
                text8                          000DBF  00000A  000DC9      1B7E       0  CODE        2
                idataBANK0                     000DC9  00000C  000DD5      1B92       0  CODE        2
                text30                         000DD5  00000D  000DE2      1BAA       0  CODE        2
                text25                         000DE2  00000F  000DF1      1BC4       0  CODE        2
                text13                         000DF1  00000F  000E00      1BE2       0  CODE        2
                text18                         000E00  000010  000E10      1C00       0  CODE        2
                text16                         000E10  000012  000E22      1C20       0  CODE        2
                inittext                       000E22  000013  000E35      1C44       0  CODE        2
                text22                         000E35  000014  000E49      1C6A       0  CODE        2
                text20                         000E49  000014  000E5D      1C92       0  CODE        2
                text4                          000E5D  000019  000E76      1CBA       0  CODE        2
                text15                         000E76  00001F  000E95      1CEC       0  CODE        2
                text27                         000E95  000024  000EB9      1D2A       0  CODE        2
                text23                         000EB9  000028  000EE1      1D72       0  CODE        2
                idataBANK1                     000EE1  00002A  000F0B      1DC2       0  CODE        2
                text17                         000F0B  00002D  000F38      1E16       0  CODE        2
                text12                         000F38  00002F  000F67      1E70       0  CODE        2
                text19                         000F67  000032  000F99      1ECE       0  CODE        2
                text26                         000F99  000033  000FCC      1F32       0  CODE        2
                text6                          000FCC  000034  001000      1F98       0  CODE        2
                config                         002007  000002  002009      400E       0  CONFIG      2


UNUSED ADDRESS RANGES

        Name                Unused          Largest block    Delta
        BANK0            006C-006F              4           1
        BANK1            00DA-00EF             16           1
        BANK2            0110-016F             60           1
        BANK3            0190-01EF             60           1
        CODE             0800-0D95            596           2
                         1000-1FFF            800
        CONST            0800-0D95            100           2
                         1000-1FFF            100
        EEDATA           2100-21FF            100           2
        ENTRY            0800-0D95            100           2
                         1000-1FFF            100
        IDLOC            2000-2003              4           2
        RAM              006C-006F              4           1
                         00DA-00EF             16
                         0110-016F             60
                         0190-01EF             60
        SFR0             0000-001F             20           1
        SFR1             0080-009F             20           1
        SFR2             0100-010F             10           1
        SFR3             0180-018F             10           1
        STACK            0110-016F             60           1
        STRCODE          0800-0D95            596           2
                         1000-1FFF           1000
        STRING           0800-0D95            100           2
                         1000-1FFF            100

                                  Symbol Table

?_I2C_Master_Read                  cstackCOMMON 0070
?___lldiv                          cstackCOMMON 0070
?___lwdiv                          cstackCOMMON 0070
?___lwmod                          cstackCOMMON 0078
?___wmul                           cstackCOMMON 0070
?_atoi                             cstackCOMMON 0076
?_read_ds1307                      cstackCOMMON 0076
?_sprintf                          cstackBANK0  0049
BCD2LowerCh@bcd                    cstackCOMMON 0070
BCD2UpperCh@bcd                    cstackCOMMON 0071
I2C_Master_Init@c                  cstackBANK0  0049
I2C_Master_Read@a                  cstackCOMMON 0070
I2C_Master_Read@temp               cstackCOMMON 0074
I2C_Master_Write@d                 cstackCOMMON 0070
LCD_CHAR@a                         cstackCOMMON 0071
LCD_CURSOR@a                       cstackCOMMON 0074
LCD_CURSOR@b                       cstackCOMMON 0076
LCD_CURSOR@d                       cstackCOMMON 0078
LCD_DATO@var                       cstackCOMMON 0070
LCD_STRING@a                       cstackCOMMON 0072
LCD_STRING@n                       cstackCOMMON 0077
_ACKDT                             (abs)        048D
_ACKEN                             (abs)        048C
_ACKSTAT                           (abs)        048E
_ANSEL                             (abs)        0188
_ANSELH                            (abs)        0189
_BAUDCTLbits                       (abs)        0187
_BCD2LowerCh                       text31       0D96
_BCD2UpperCh                       text30       0DD5
_BF                                (abs)        04A0
_GIE                               (abs)        005F
_I2C_Master_Init                   text28       0094
_I2C_Master_Read                   text12       0F38
_I2C_Master_RepeatedStart          text11       0DA4
_I2C_Master_Start                  text10       0DAD
_I2C_Master_Stop                   text9        0DB6
_I2C_Master_Wait                   text13       0DF1
_I2C_Master_Write                  text8        0DBF
_LCD_CHAR                          text25       0DE2
_LCD_CURSOR                        text26       0F99
_LCD_DATO                          text27       0E95
_LCD_STRING                        text24       0149
_PEIE                              (abs)        005E
_PEN                               (abs)        048A
_PIR1bits                          (abs)        000C
_PORTA                             (abs)        0005
_PORTAbits                         (abs)        0005
_PORTB                             (abs)        0006
_PORTCbits                         (abs)        0007
_PORTD                             (abs)        0008
_PORTDbits                         (abs)        0008
_RCEN                              (abs)        048B
_RCIF                              (abs)        0065
_RCREG                             (abs)        001A
_RCSTAbits                         (abs)        0018
_SEN                               (abs)        0488
_SPBRG                             (abs)        0099
_SPBRGH                            (abs)        009A
_SSPADD                            (abs)        0093
_SSPBUF                            (abs)        0013
_SSPCON                            (abs)        0014
_SSPCON2                           (abs)        0091
_SSPCON2bits                       (abs)        0091
_SSPIE                             (abs)        0463
_SSPIF                             (abs)        0063
_SSPSTAT                           (abs)        0094
_SSPSTATbits                       (abs)        0094
_TRISA                             (abs)        0085
_TRISB                             (abs)        0086
_TRISC3                            (abs)        043B
_TRISC4                            (abs)        043C
_TRISCbits                         (abs)        0087
_TRISD                             (abs)        0088
_TXREG                             (abs)        0019
_TXSTAbits                         (abs)        0098
__CFG_BOR4V$BOR40V                 (abs)        0000
__CFG_BOREN$OFF                    (abs)        0000
__CFG_CP$OFF                       (abs)        0000
__CFG_CPD$OFF                      (abs)        0000
__CFG_FCMEN$OFF                    (abs)        0000
__CFG_FOSC$INTRC_NOCLKOUT          (abs)        0000
__CFG_IESO$OFF                     (abs)        0000
__CFG_LVP$OFF                      (abs)        0000
__CFG_MCLRE$OFF                    (abs)        0000
__CFG_PWRTE$OFF                    (abs)        0000
__CFG_WDTE$OFF                     (abs)        0000
__CFG_WRT$OFF                      (abs)        0000
__Habs1                            abs1         0000
__Hbank0                           bank0        0000
__Hbank1                           bank1        0000
__Hbank2                           bank2        0000
__Hbank3                           bank3        0000
__HbssBANK0                        bssBANK0     0000
__HbssBANK1                        bssBANK1     0000
__Hcinit                           cinit        0800
__Hclrtext                         clrtext      0000
__Hcode                            code         0000
__Hcommon                          common       0000
__Hconfig                          config       2009
__HcstackBANK0                     cstackBANK0  0000
__HcstackCOMMON                    cstackCOMMON 0000
__HdataBANK0                       dataBANK0    0000
__HdataBANK1                       dataBANK1    0000
__Heeprom_data                     eeprom_data  0000
__Hend_init                        end_init     0003
__Hfunctab                         functab      0000
__HidataBANK0                      idataBANK0   0000
__HidataBANK1                      idataBANK1   0000
__Hidloc                           idloc        0000
__Hinit                            init         0000
__Hinittext                        inittext     0000
__Hintentry                        intentry     0000
__Hmaintext                        maintext     0000
__Hpowerup                         powerup      0000
__Hram                             ram          0000
__Hreset_vec                       reset_vec    0000
__Hsfr0                            sfr0         0000
__Hsfr1                            sfr1         0000
__Hsfr2                            sfr2         0000
__Hsfr3                            sfr3         0000
__Hspace_0                         (abs)        2009
__Hspace_1                         (abs)        00DA
__Hspace_2                         (abs)        0000
__Hspace_3                         (abs)        0000
__Hstack                           stack        0000
__Hstrings                         strings      0000
__Htext                            text         0000
__Labs1                            abs1         0000
__Lbank0                           bank0        0000
__Lbank1                           bank1        0000
__Lbank2                           bank2        0000
__Lbank3                           bank3        0000
__LbssBANK0                        bssBANK0     0000
__LbssBANK1                        bssBANK1     0000
__Lcinit                           cinit        07D1
__Lclrtext                         clrtext      0000
__Lcode                            code         0000
__Lcommon                          common       0000
__Lconfig                          config       2007
__LcstackBANK0                     cstackBANK0  0000
__LcstackCOMMON                    cstackCOMMON 0000
__LdataBANK0                       dataBANK0    0000
__LdataBANK1                       dataBANK1    0000
__Leeprom_data                     eeprom_data  0000
__Lend_init                        end_init     0000
__Lfunctab                         functab      0000
__LidataBANK0                      idataBANK0   0000
__LidataBANK1                      idataBANK1   0000
__Lidloc                           idloc        0000
__Linit                            init         0000
__Linittext                        inittext     0000
__Lintentry                        intentry     0000
__Lmaintext                        maintext     0000
__Lpowerup                         powerup      0000
__Lram                             ram          0000
__Lreset_vec                       reset_vec    0000
__Lsfr0                            sfr0         0000
__Lsfr1                            sfr1         0000
__Lsfr2                            sfr2         0000
__Lsfr3                            sfr3         0000
__Lspace_0                         (abs)        0000
__Lspace_1                         (abs)        0000
__Lspace_2                         (abs)        0000
__Lspace_3                         (abs)        0000
__Lstack                           stack        0000
__Lstrings                         strings      0000
__Ltext                            text         0000
__S0                               (abs)        2009
__S1                               (abs)        00DA
__S2                               (abs)        0000
__S3                               (abs)        0000
___bmul                            text4        0E5D
___bmul@multiplicand               cstackCOMMON 0070
___bmul@multiplier                 cstackCOMMON 0073
___bmul@product                    cstackCOMMON 0072
___int_sp                          stack        0000
___latbits                         (abs)        0002
___lldiv                           text29       01D8
___lldiv@counter                   cstackCOMMON 007D
___lldiv@dividend                  cstackCOMMON 0074
___lldiv@divisor                   cstackCOMMON 0070
___lldiv@quotient                  cstackCOMMON 0079
___lwdiv                           text3        018D
___lwdiv@counter                   cstackCOMMON 0077
___lwdiv@dividend                  cstackCOMMON 0072
___lwdiv@divisor                   cstackCOMMON 0070
___lwdiv@quotient                  cstackCOMMON 0075
___lwmod                           text2        0108
___lwmod@counter                   cstackCOMMON 007D
___lwmod@dividend                  cstackCOMMON 007A
___lwmod@divisor                   cstackCOMMON 0078
___sp                              stack        0000
___wmul                            text23       0EB9
___wmul@multiplicand               cstackCOMMON 0072
___wmul@multiplier                 cstackCOMMON 0070
___wmul@product                    cstackCOMMON 0074
__end_of_BCD2LowerCh               text31       0D9C
__end_of_BCD2UpperCh               text30       0DE2
__end_of_I2C_Master_Init           text28       00CC
__end_of_I2C_Master_Read           text12       0F67
__end_of_I2C_Master_RepeatedStart  text11       0DAD
__end_of_I2C_Master_Start          text10       0DB6
__end_of_I2C_Master_Stop           text9        0DBF
__end_of_I2C_Master_Wait           text13       0E00
__end_of_I2C_Master_Write          text8        0DC9
__end_of_LCD_CHAR                  text25       0DF1
__end_of_LCD_CURSOR                text26       0FCC
__end_of_LCD_DATO                  text27       0EB9
__end_of_LCD_STRING                text24       018D
__end_of___bmul                    text4        0E76
__end_of___lldiv                   text29       0245
__end_of___lwdiv                   text3        01D8
__end_of___lwmod                   text2        0149
__end_of___wmul                    text23       0EE1
__end_of__initialization           cinit        07FC
__end_of__stringtab                strings      0013
__end_of_atoi                      text21       02CA
__end_of_config                    text20       0E5D
__end_of_delay                     text19       0F99
__end_of_dpowers                   strings      001D
__end_of_isdigit                   text22       0E49
__end_of_lcd_cmd                   text16       0E22
__end_of_lcd_init                  text15       0E95
__end_of_lcd_lat                   text18       0E10
__end_of_lcd_ready                 text17       0F38
__end_of_main                      maintext     07D1
__end_of_mandar                    text14       005F
__end_of_read_ds1307               text7        0108
__end_of_servo0                    text6        1000
__end_of_servo180                  text5        0094
__end_of_sprintf                   text1        0455
__initialization                   cinit        07D1
__pbssBANK0                        bssBANK0     0020
__pbssBANK1                        bssBANK1     00CA
__pcstackBANK0                     cstackBANK0  0049
__pcstackCOMMON                    cstackCOMMON 0070
__pdataBANK0                       dataBANK0    0060
__pdataBANK1                       dataBANK1    00A0
__pidataBANK0                      idataBANK0   0DC9
__pidataBANK1                      idataBANK1   0EE1
__pmaintext                        maintext     0455
__pstrings                         strings      0003
__ptext1                           text1        02CA
__ptext10                          text10       0DAD
__ptext11                          text11       0DA4
__ptext12                          text12       0F38
__ptext13                          text13       0DF1
__ptext14                          text14       0052
__ptext15                          text15       0E76
__ptext16                          text16       0E10
__ptext17                          text17       0F0B
__ptext18                          text18       0E00
__ptext19                          text19       0F67
__ptext2                           text2        0108
__ptext20                          text20       0E49
__ptext21                          text21       0245
__ptext22                          text22       0E35
__ptext23                          text23       0EB9
__ptext24                          text24       0149
__ptext25                          text25       0DE2
__ptext26                          text26       0F99
__ptext27                          text27       0E95
__ptext28                          text28       0094
__ptext29                          text29       01D8
__ptext3                           text3        018D
__ptext30                          text30       0DD5
__ptext31                          text31       0D96
__ptext4                           text4        0E5D
__ptext5                           text5        005F
__ptext6                           text6        0FCC
__ptext7                           text7        00CC
__ptext8                           text8        0DBF
__ptext9                           text9        0DB6
__size_of_BCD2LowerCh              (abs)        0000
__size_of_BCD2UpperCh              (abs)        0000
__size_of_I2C_Master_Init          (abs)        0000
__size_of_I2C_Master_Read          (abs)        0000
__size_of_I2C_Master_RepeatedStart (abs)        0000
__size_of_I2C_Master_Start         (abs)        0000
__size_of_I2C_Master_Stop          (abs)        0000
__size_of_I2C_Master_Wait          (abs)        0000
__size_of_I2C_Master_Write         (abs)        0000
__size_of_LCD_CHAR                 (abs)        0000
__size_of_LCD_CURSOR               (abs)        0000
__size_of_LCD_DATO                 (abs)        0000
__size_of_LCD_STRING               (abs)        0000
__size_of___bmul                   (abs)        0000
__size_of___lldiv                  (abs)        0000
__size_of___lwdiv                  (abs)        0000
__size_of___lwmod                  (abs)        0000
__size_of___wmul                   (abs)        0000
__size_of_atoi                     (abs)        0000
__size_of_config                   (abs)        0000
__size_of_delay                    (abs)        0000
__size_of_isdigit                  (abs)        0000
__size_of_lcd_cmd                  (abs)        0000
__size_of_lcd_init                 (abs)        0000
__size_of_lcd_lat                  (abs)        0000
__size_of_lcd_ready                (abs)        0000
__size_of_main                     (abs)        0000
__size_of_mandar                   (abs)        0000
__size_of_read_ds1307              (abs)        0000
__size_of_servo0                   (abs)        0000
__size_of_servo180                 (abs)        0000
__size_of_sprintf                  (abs)        0000
__stringbase                       strings      0012
__stringtab                        strings      0003
_ap                                bssBANK0     0020
_atoi                              text21       0245
_config                            text20       0E49
_date                              dataBANK1    00C1
_day                               bssBANK0     0028
_delay                             text19       0F67
_deter                             bssBANK0     0046
_dpowers                           strings      0013
_hour                              bssBANK0     002C
_hr                                bssBANK0     002A
_isdigit                           text22       0E35
_isdigit$1143                      cstackCOMMON 0070
_lcd_cmd                           text16       0E10
_lcd_init                          text15       0E76
_lcd_lat                           text18       0E00
_lcd_ready                         text17       0F0B
_main                              maintext     0455
_mandar                            text14       0052
_minute                            bssBANK0     002E
_month                             bssBANK0     0024
_read_ds1307                       text7        00CC
_second                            bssBANK0     0030
_servo0                            text6        0FCC
_servo180                          text5        005F
_sprintf                           text1        02CA
_time                              dataBANK0    0060
_valor                             bssBANK1     00CA
_valor1                            bssBANK0     0044
_valor2                            bssBANK0     0042
_valor3                            bssBANK0     0040
_valor4                            bssBANK0     003E
_valor5                            bssBANK0     003C
_valorf                            bssBANK0     0048
_var                               bssBANK0     0032
_year                              bssBANK0     0022
atoi@a                             cstackCOMMON 007B
atoi@s                             cstackCOMMON 007D
atoi@sign                          cstackCOMMON 007A
btemp                              (abs)        007E
clear_ram0                         clrtext      0D9C
delay@i                            cstackCOMMON 0074
delay@j                            cstackCOMMON 0072
delay@ms                           cstackCOMMON 0070
end_of_initialization              cinit        07FC
init_fetch0                        inittext     0E22
init_ram0                          inittext     0E26
intlevel0                          functab      0000
intlevel1                          functab      0000
intlevel2                          functab      0000
intlevel3                          functab      0000
intlevel4                          functab      0000
intlevel5                          functab      0000
isdigit@c                          cstackCOMMON 0071
lcd_cmd@x                          cstackCOMMON 0077
mandar@dato                        cstackCOMMON 0070
read_ds1307@address                cstackCOMMON 0076
read_ds1307@r_data                 cstackCOMMON 0078
reset_vec                          reset_vec    0000
servo0@i                           cstackCOMMON 0072
servo180@i                         cstackCOMMON 0072
sprintf@ap                         cstackBANK0  0057
sprintf@c                          cstackBANK0  005D
sprintf@f                          cstackBANK0  0049
sprintf@flag                       cstackBANK0  0058
sprintf@prec                       cstackBANK0  005C
sprintf@sp                         cstackBANK0  0059
sprintf@val                        cstackBANK0  005A
stackhi                            (abs)        0000
stacklo                            (abs)        0000
start                              init         0000
start_initialization               cinit        07D1
wtemp0                             (abs)        007E


FUNCTION INFORMATION:

 *************** function _main *****************
 Defined at:
		line 77 in file "Pri-Master.c"
 Parameters:    Size  Location     Type
		None
 Auto vars:     Size  Location     Type
		None
 Return value:  Size  Location     Type
                  1    wreg      void 
 Registers used:
		wreg, fsr0l, fsr0h, status,2, status,0, btemp+1, pclath, cstack
 Tracked objects:
		On entry : 
		On exit  : 
		Unchanged: 
 Data sizes:     COMMON   BANK0   BANK1   BANK3   BANK2
      Params:         0       0       0       0       0
      Locals:         0       0       0       0       0
      Temps:          0       2       0       0       0
      Totals:         0       2       0       0       0
Total ram usage:        2 bytes
 Hardware stack levels required when called:    4
 This function calls:
		_BCD2LowerCh
		_BCD2UpperCh
		_I2C_Master_Init
		_I2C_Master_Read
		_I2C_Master_Start
		_I2C_Master_Stop
		_I2C_Master_Write
		_LCD_CURSOR
		_LCD_DATO
		_LCD_STRING
		_atoi
		_config
		_delay
		_lcd_init
		_mandar
		_read_ds1307
		_servo0
		_servo180
		_sprintf
 This function is called by:
		Startup code after reset
 This function uses a non-reentrant model


 *************** function _sprintf *****************
 Defined at:
		line 500 in file "C:\Program Files (x86)\Microchip\xc8\v2.00\pic\sources\c90\common\doprnt.c"
 Parameters:    Size  Location     Type
  sp              1    wreg     PTR unsigned char 
		 -> valor(16), 
  f               1    0[BANK0 ] PTR const unsigned char 
		 -> STR_3(25), 
 Auto vars:     Size  Location     Type
  sp              1   16[BANK0 ] PTR unsigned char 
		 -> valor(16), 
  tmpval          4    0        struct .
  val             2   17[BANK0 ] unsigned int 
  cp              2    0        PTR const unsigned char 
  len             2    0        unsigned int 
  c               1   20[BANK0 ] unsigned char 
  prec            1   19[BANK0 ] char 
  flag            1   15[BANK0 ] unsigned char 
  ap              1   14[BANK0 ] PTR void [1]
		 -> ?_sprintf(2), 
 Return value:  Size  Location     Type
                  2    0[BANK0 ] int 
 Registers used:
		wreg, fsr0l, fsr0h, status,2, status,0, btemp+1, pclath, cstack
 Tracked objects:
		On entry : 
		On exit  : 
		Unchanged: 
 Data sizes:     COMMON   BANK0   BANK1   BANK3   BANK2
      Params:         0      11       0       0       0
      Locals:         0       7       0       0       0
      Temps:          0       3       0       0       0
      Totals:         0      21       0       0       0
Total ram usage:       21 bytes
 Hardware stack levels used:    1
 Hardware stack levels required when called:    1
 This function calls:
		___bmul
		___lwdiv
		___lwmod
		_isdigit
 This function is called by:
		_main
 This function uses a non-reentrant model


 *************** function ___lwmod *****************
 Defined at:
		line 5 in file "C:\Program Files (x86)\Microchip\xc8\v2.00\pic\sources\c90\common\lwmod.c"
 Parameters:    Size  Location     Type
  divisor         2    8[COMMON] unsigned int 
  dividend        2   10[COMMON] unsigned int 
 Auto vars:     Size  Location     Type
  counter         1   13[COMMON] unsigned char 
 Return value:  Size  Location     Type
                  2    8[COMMON] unsigned int 
 Registers used:
		wreg, status,2, status,0
 Tracked objects:
		On entry : 
		On exit  : 
		Unchanged: 
 Data sizes:     COMMON   BANK0   BANK1   BANK3   BANK2
      Params:         4       0       0       0       0
      Locals:         1       0       0       0       0
      Temps:          1       0       0       0       0
      Totals:         6       0       0       0       0
Total ram usage:        6 bytes
 Hardware stack levels used:    1
 This function calls:
		Nothing
 This function is called by:
		_sprintf
 This function uses a non-reentrant model


 *************** function ___lwdiv *****************
 Defined at:
		line 5 in file "C:\Program Files (x86)\Microchip\xc8\v2.00\pic\sources\c90\common\lwdiv.c"
 Parameters:    Size  Location     Type
  divisor         2    0[COMMON] unsigned int 
  dividend        2    2[COMMON] unsigned int 
 Auto vars:     Size  Location     Type
  quotient        2    5[COMMON] unsigned int 
  counter         1    7[COMMON] unsigned char 
 Return value:  Size  Location     Type
                  2    0[COMMON] unsigned int 
 Registers used:
		wreg, status,2, status,0
 Tracked objects:
		On entry : 
		On exit  : 
		Unchanged: 
 Data sizes:     COMMON   BANK0   BANK1   BANK3   BANK2
      Params:         4       0       0       0       0
      Locals:         3       0       0       0       0
      Temps:          1       0       0       0       0
      Totals:         8       0       0       0       0
Total ram usage:        8 bytes
 Hardware stack levels used:    1
 This function calls:
		Nothing
 This function is called by:
		_sprintf
 This function uses a non-reentrant model


 *************** function ___bmul *****************
 Defined at:
		line 4 in file "C:\Program Files (x86)\Microchip\xc8\v2.00\pic\sources\c90\common\Umul8.c"
 Parameters:    Size  Location     Type
  multiplier      1    wreg     unsigned char 
  multiplicand    1    0[COMMON] unsigned char 
 Auto vars:     Size  Location     Type
  multiplier      1    3[COMMON] unsigned char 
  product         1    2[COMMON] unsigned char 
 Return value:  Size  Location     Type
                  1    wreg      unsigned char 
 Registers used:
		wreg, status,2, status,0
 Tracked objects:
		On entry : 
		On exit  : 
		Unchanged: 
 Data sizes:     COMMON   BANK0   BANK1   BANK3   BANK2
      Params:         1       0       0       0       0
      Locals:         2       0       0       0       0
      Temps:          1       0       0       0       0
      Totals:         4       0       0       0       0
Total ram usage:        4 bytes
 Hardware stack levels used:    1
 This function calls:
		Nothing
 This function is called by:
		_sprintf
 This function uses a non-reentrant model


 *************** function _servo180 *****************
 Defined at:
		line 243 in file "Pri-Master.c"
 Parameters:    Size  Location     Type
		None
 Auto vars:     Size  Location     Type
  i               2    2[COMMON] unsigned int 
 Return value:  Size  Location     Type
                  1    wreg      void 
 Registers used:
		wreg, status,2
 Tracked objects:
		On entry : 
		On exit  : 
		Unchanged: 
 Data sizes:     COMMON   BANK0   BANK1   BANK3   BANK2
      Params:         0       0       0       0       0
      Locals:         2       0       0       0       0
      Temps:          2       0       0       0       0
      Totals:         4       0       0       0       0
Total ram usage:        4 bytes
 Hardware stack levels used:    1
 This function calls:
		Nothing
 This function is called by:
		_main
 This function uses a non-reentrant model


 *************** function _servo0 *****************
 Defined at:
		line 232 in file "Pri-Master.c"
 Parameters:    Size  Location     Type
		None
 Auto vars:     Size  Location     Type
  i               2    2[COMMON] unsigned int 
 Return value:  Size  Location     Type
                  1    wreg      void 
 Registers used:
		wreg, status,2
 Tracked objects:
		On entry : 
		On exit  : 
		Unchanged: 
 Data sizes:     COMMON   BANK0   BANK1   BANK3   BANK2
      Params:         0       0       0       0       0
      Locals:         2       0       0       0       0
      Temps:          2       0       0       0       0
      Totals:         4       0       0       0       0
Total ram usage:        4 bytes
 Hardware stack levels used:    1
 This function calls:
		Nothing
 This function is called by:
		_main
 This function uses a non-reentrant model


 *************** function _read_ds1307 *****************
 Defined at:
		line 40 in file "Pri-Master.c"
 Parameters:    Size  Location     Type
  address         2    6[COMMON] unsigned short 
 Auto vars:     Size  Location     Type
  r_data          2    8[COMMON] unsigned short 
 Return value:  Size  Location     Type
                  2    6[COMMON] unsigned short 
 Registers used:
		wreg, status,2, status,0, pclath, cstack
 Tracked objects:
		On entry : 
		On exit  : 
		Unchanged: 
 Data sizes:     COMMON   BANK0   BANK1   BANK3   BANK2
      Params:         2       0       0       0       0
      Locals:         2       0       0       0       0
      Temps:          0       0       0       0       0
      Totals:         4       0       0       0       0
Total ram usage:        4 bytes
 Hardware stack levels used:    1
 Hardware stack levels required when called:    2
 This function calls:
		_I2C_Master_Read
		_I2C_Master_RepeatedStart
		_I2C_Master_Start
		_I2C_Master_Stop
		_I2C_Master_Write
 This function is called by:
		_main
 This function uses a non-reentrant model


 *************** function _I2C_Master_Write *****************
 Defined at:
		line 70 in file "I2C.c"
 Parameters:    Size  Location     Type
  d               2    0[COMMON] unsigned int 
 Auto vars:     Size  Location     Type
		None
 Return value:  Size  Location     Type
                  1    wreg      void 
 Registers used:
		wreg, status,2, status,0, pclath, cstack
 Tracked objects:
		On entry : 
		On exit  : 
		Unchanged: 
 Data sizes:     COMMON   BANK0   BANK1   BANK3   BANK2
      Params:         2       0       0       0       0
      Locals:         0       0       0       0       0
      Temps:          0       0       0       0       0
      Totals:         2       0       0       0       0
Total ram usage:        2 bytes
 Hardware stack levels used:    1
 Hardware stack levels required when called:    1
 This function calls:
		_I2C_Master_Wait
 This function is called by:
		_read_ds1307
		_main
		_I2C_Start
		_MPU6050_Init
 This function uses a non-reentrant model


 *************** function _I2C_Master_Stop *****************
 Defined at:
		line 60 in file "I2C.c"
 Parameters:    Size  Location     Type
		None
 Auto vars:     Size  Location     Type
		None
 Return value:  Size  Location     Type
                  1    wreg      void 
 Registers used:
		wreg, status,2, status,0, pclath, cstack
 Tracked objects:
		On entry : 
		On exit  : 
		Unchanged: 
 Data sizes:     COMMON   BANK0   BANK1   BANK3   BANK2
      Params:         0       0       0       0       0
      Locals:         0       0       0       0       0
      Temps:          0       0       0       0       0
      Totals:         0       0       0       0       0
Total ram usage:        0 bytes
 Hardware stack levels used:    1
 Hardware stack levels required when called:    1
 This function calls:
		_I2C_Master_Wait
 This function is called by:
		_read_ds1307
		_main
		_MPU6050_Init
		_MPU6050_Read
 This function uses a non-reentrant model


 *************** function _I2C_Master_Start *****************
 Defined at:
		line 44 in file "I2C.c"
 Parameters:    Size  Location     Type
		None
 Auto vars:     Size  Location     Type
		None
 Return value:  Size  Location     Type
                  1    wreg      void 
 Registers used:
		wreg, status,2, status,0, pclath, cstack
 Tracked objects:
		On entry : 
		On exit  : 
		Unchanged: 
 Data sizes:     COMMON   BANK0   BANK1   BANK3   BANK2
      Params:         0       0       0       0       0
      Locals:         0       0       0       0       0
      Temps:          0       0       0       0       0
      Totals:         0       0       0       0       0
Total ram usage:        0 bytes
 Hardware stack levels used:    1
 Hardware stack levels required when called:    1
 This function calls:
		_I2C_Master_Wait
 This function is called by:
		_read_ds1307
		_main
 This function uses a non-reentrant model


 *************** function _I2C_Master_RepeatedStart *****************
 Defined at:
		line 52 in file "I2C.c"
 Parameters:    Size  Location     Type
		None
 Auto vars:     Size  Location     Type
		None
 Return value:  Size  Location     Type
                  1    wreg      void 
 Registers used:
		wreg, status,2, status,0, pclath, cstack
 Tracked objects:
		On entry : 
		On exit  : 
		Unchanged: 
 Data sizes:     COMMON   BANK0   BANK1   BANK3   BANK2
      Params:         0       0       0       0       0
      Locals:         0       0       0       0       0
      Temps:          0       0       0       0       0
      Totals:         0       0       0       0       0
Total ram usage:        0 bytes
 Hardware stack levels used:    1
 Hardware stack levels required when called:    1
 This function calls:
		_I2C_Master_Wait
 This function is called by:
		_read_ds1307
 This function uses a non-reentrant model


 *************** function _I2C_Master_Read *****************
 Defined at:
		line 79 in file "I2C.c"
 Parameters:    Size  Location     Type
  a               2    0[COMMON] unsigned short 
 Auto vars:     Size  Location     Type
  temp            2    4[COMMON] unsigned short 
 Return value:  Size  Location     Type
                  2    0[COMMON] unsigned short 
 Registers used:
		wreg, status,2, status,0, pclath, cstack
 Tracked objects:
		On entry : 
		On exit  : 
		Unchanged: 
 Data sizes:     COMMON   BANK0   BANK1   BANK3   BANK2
      Params:         2       0       0       0       0
      Locals:         2       0       0       0       0
      Temps:          2       0       0       0       0
      Totals:         6       0       0       0       0
Total ram usage:        6 bytes
 Hardware stack levels used:    1
 Hardware stack levels required when called:    1
 This function calls:
		_I2C_Master_Wait
 This function is called by:
		_read_ds1307
		_main
 This function uses a non-reentrant model


 *************** function _I2C_Master_Wait *****************
 Defined at:
		line 37 in file "I2C.c"
 Parameters:    Size  Location     Type
		None
 Auto vars:     Size  Location     Type
		None
 Return value:  Size  Location     Type
                  1    wreg      void 
 Registers used:
		wreg, status,2
 Tracked objects:
		On entry : 
		On exit  : 
		Unchanged: 
 Data sizes:     COMMON   BANK0   BANK1   BANK3   BANK2
      Params:         0       0       0       0       0
      Locals:         0       0       0       0       0
      Temps:          0       0       0       0       0
      Totals:         0       0       0       0       0
Total ram usage:        0 bytes
 Hardware stack levels used:    1
 This function calls:
		Nothing
 This function is called by:
		_I2C_Master_Start
		_I2C_Master_RepeatedStart
		_I2C_Master_Stop
		_I2C_Master_Write
		_I2C_Master_Read
		_I2C_Start
		_I2C_Master_Write1
 This function uses a non-reentrant model


 *************** function _mandar *****************
 Defined at:
		line 24 in file "USART1.c"
 Parameters:    Size  Location     Type
  dato            2    0[COMMON] int 
 Auto vars:     Size  Location     Type
		None
 Return value:  Size  Location     Type
                  1    wreg      void 
 Registers used:
		wreg
 Tracked objects:
		On entry : 
		On exit  : 
		Unchanged: 
 Data sizes:     COMMON   BANK0   BANK1   BANK3   BANK2
      Params:         2       0       0       0       0
      Locals:         0       0       0       0       0
      Temps:          0       0       0       0       0
      Totals:         2       0       0       0       0
Total ram usage:        2 bytes
 Hardware stack levels used:    1
 This function calls:
		Nothing
 This function is called by:
		_main
 This function uses a non-reentrant model


 *************** function _lcd_init *****************
 Defined at:
		line 45 in file "LCD.c"
 Parameters:    Size  Location     Type
		None
 Auto vars:     Size  Location     Type
		None
 Return value:  Size  Location     Type
                  1    wreg      void 
 Registers used:
		wreg, status,2, status,0, pclath, cstack
 Tracked objects:
		On entry : 
		On exit  : 
		Unchanged: 
 Data sizes:     COMMON   BANK0   BANK1   BANK3   BANK2
      Params:         0       0       0       0       0
      Locals:         0       0       0       0       0
      Temps:          0       0       0       0       0
      Totals:         0       0       0       0       0
Total ram usage:        0 bytes
 Hardware stack levels used:    1
 Hardware stack levels required when called:    3
 This function calls:
		_lcd_cmd
 This function is called by:
		_main
 This function uses a non-reentrant model


 *************** function _lcd_cmd *****************
 Defined at:
		line 36 in file "LCD.c"
 Parameters:    Size  Location     Type
  x               1    wreg     unsigned char 
 Auto vars:     Size  Location     Type
  x               1    7[COMMON] unsigned char 
 Return value:  Size  Location     Type
                  1    wreg      void 
 Registers used:
		wreg, status,2, status,0, pclath, cstack
 Tracked objects:
		On entry : 
		On exit  : 
		Unchanged: 
 Data sizes:     COMMON   BANK0   BANK1   BANK3   BANK2
      Params:         0       0       0       0       0
      Locals:         1       0       0       0       0
      Temps:          0       0       0       0       0
      Totals:         1       0       0       0       0
Total ram usage:        1 bytes
 Hardware stack levels used:    1
 Hardware stack levels required when called:    2
 This function calls:
		_lcd_lat
		_lcd_ready
 This function is called by:
		_lcd_init
 This function uses a non-reentrant model


 *************** function _lcd_ready *****************
 Defined at:
		line 19 in file "LCD.c"
 Parameters:    Size  Location     Type
		None
 Auto vars:     Size  Location     Type
		None
 Return value:  Size  Location     Type
                  1    wreg      void 
 Registers used:
		wreg, status,2, status,0, pclath, cstack
 Tracked objects:
		On entry : 
		On exit  : 
		Unchanged: 
 Data sizes:     COMMON   BANK0   BANK1   BANK3   BANK2
      Params:         0       0       0       0       0
      Locals:         0       0       0       0       0
      Temps:          1       0       0       0       0
      Totals:         1       0       0       0       0
Total ram usage:        1 bytes
 Hardware stack levels used:    1
 Hardware stack levels required when called:    1
 This function calls:
		_delay
 This function is called by:
		_lcd_cmd
 This function uses a non-reentrant model


 *************** function _lcd_lat *****************
 Defined at:
		line 12 in file "LCD.c"
 Parameters:    Size  Location     Type
		None
 Auto vars:     Size  Location     Type
		None
 Return value:  Size  Location     Type
                  1    wreg      void 
 Registers used:
		wreg, status,2, status,0, pclath, cstack
 Tracked objects:
		On entry : 
		On exit  : 
		Unchanged: 
 Data sizes:     COMMON   BANK0   BANK1   BANK3   BANK2
      Params:         0       0       0       0       0
      Locals:         0       0       0       0       0
      Temps:          0       0       0       0       0
      Totals:         0       0       0       0       0
Total ram usage:        0 bytes
 Hardware stack levels used:    1
 Hardware stack levels required when called:    1
 This function calls:
		_delay
 This function is called by:
		_lcd_cmd
 This function uses a non-reentrant model


 *************** function _delay *****************
 Defined at:
		line 54 in file "LCD.c"
 Parameters:    Size  Location     Type
  ms              2    0[COMMON] unsigned int 
 Auto vars:     Size  Location     Type
  i               2    4[COMMON] unsigned int 
  j               2    2[COMMON] unsigned int 
 Return value:  Size  Location     Type
                  1    wreg      void 
 Registers used:
		wreg, status,2
 Tracked objects:
		On entry : 
		On exit  : 
		Unchanged: 
 Data sizes:     COMMON   BANK0   BANK1   BANK3   BANK2
      Params:         2       0       0       0       0
      Locals:         4       0       0       0       0
      Temps:          0       0       0       0       0
      Totals:         6       0       0       0       0
Total ram usage:        6 bytes
 Hardware stack levels used:    1
 This function calls:
		Nothing
 This function is called by:
		_lcd_lat
		_lcd_ready
		_main
 This function uses a non-reentrant model


 *************** function _config *****************
 Defined at:
		line 12 in file "USART1.c"
 Parameters:    Size  Location     Type
		None
 Auto vars:     Size  Location     Type
		None
 Return value:  Size  Location     Type
                  1    wreg      void 
 Registers used:
		wreg, status,2
 Tracked objects:
		On entry : 
		On exit  : 
		Unchanged: 
 Data sizes:     COMMON   BANK0   BANK1   BANK3   BANK2
      Params:         0       0       0       0       0
      Locals:         0       0       0       0       0
      Temps:          0       0       0       0       0
      Totals:         0       0       0       0       0
Total ram usage:        0 bytes
 Hardware stack levels used:    1
 This function calls:
		Nothing
 This function is called by:
		_main
 This function uses a non-reentrant model


 *************** function _atoi *****************
 Defined at:
		line 5 in file "C:\Program Files (x86)\Microchip\xc8\v2.00\pic\sources\c90\common\atoi.c"
 Parameters:    Size  Location     Type
  s               1    wreg     PTR const unsigned char 
		 -> valorf(1), 
 Auto vars:     Size  Location     Type
  s               1   13[COMMON] PTR const unsigned char 
		 -> valorf(1), 
  a               2   11[COMMON] int 
  sign            1   10[COMMON] unsigned char 
 Return value:  Size  Location     Type
                  2    6[COMMON] int 
 Registers used:
		wreg, fsr0l, fsr0h, status,2, status,0, pclath, cstack
 Tracked objects:
		On entry : 
		On exit  : 
		Unchanged: 
 Data sizes:     COMMON   BANK0   BANK1   BANK3   BANK2
      Params:         2       0       0       0       0
      Locals:         4       0       0       0       0
      Temps:          2       0       0       0       0
      Totals:         8       0       0       0       0
Total ram usage:        8 bytes
 Hardware stack levels used:    1
 Hardware stack levels required when called:    1
 This function calls:
		___wmul
		_isdigit
 This function is called by:
		_main
 This function uses a non-reentrant model


 *************** function _isdigit *****************
 Defined at:
		line 8 in file "C:\Program Files (x86)\Microchip\xc8\v2.00\pic\sources\c90\common\isdigit.c"
 Parameters:    Size  Location     Type
  c               1    wreg     unsigned char 
 Auto vars:     Size  Location     Type
  c               1    1[COMMON] unsigned char 
 Return value:  Size  Location     Type
		None               void
 Registers used:
		wreg, status,2, status,0
 Tracked objects:
		On entry : 
		On exit  : 
		Unchanged: 
 Data sizes:     COMMON   BANK0   BANK1   BANK3   BANK2
      Params:         0       0       0       0       0
      Locals:         2       0       0       0       0
      Temps:          0       0       0       0       0
      Totals:         2       0       0       0       0
Total ram usage:        2 bytes
 Hardware stack levels used:    1
 This function calls:
		Nothing
 This function is called by:
		_sprintf
		_atoi
 This function uses a non-reentrant model


 *************** function ___wmul *****************
 Defined at:
		line 15 in file "C:\Program Files (x86)\Microchip\xc8\v2.00\pic\sources\c90\common\Umul16.c"
 Parameters:    Size  Location     Type
  multiplier      2    0[COMMON] unsigned int 
  multiplicand    2    2[COMMON] unsigned int 
 Auto vars:     Size  Location     Type
  product         2    4[COMMON] unsigned int 
 Return value:  Size  Location     Type
                  2    0[COMMON] unsigned int 
 Registers used:
		wreg, status,2, status,0
 Tracked objects:
		On entry : 
		On exit  : 
		Unchanged: 
 Data sizes:     COMMON   BANK0   BANK1   BANK3   BANK2
      Params:         4       0       0       0       0
      Locals:         2       0       0       0       0
      Temps:          0       0       0       0       0
      Totals:         6       0       0       0       0
Total ram usage:        6 bytes
 Hardware stack levels used:    1
 This function calls:
		Nothing
 This function is called by:
		_atoi
		_BCD_2_DEC
 This function uses a non-reentrant model


 *************** function _LCD_STRING *****************
 Defined at:
		line 98 in file "LCD.c"
 Parameters:    Size  Location     Type
  a               2    2[COMMON] PTR unsigned char 
		 -> valor(16), time(12), STR_2(16), STR_1(12), 
 Auto vars:     Size  Location     Type
  n               2    7[COMMON] int 
 Return value:  Size  Location     Type
                  1    wreg      void 
 Registers used:
		wreg, fsr0l, fsr0h, status,2, status,0, btemp+1, pclath, cstack
 Tracked objects:
		On entry : 
		On exit  : 
		Unchanged: 
 Data sizes:     COMMON   BANK0   BANK1   BANK3   BANK2
      Params:         2       0       0       0       0
      Locals:         2       0       0       0       0
      Temps:          3       0       0       0       0
      Totals:         7       0       0       0       0
Total ram usage:        7 bytes
 Hardware stack levels used:    1
 Hardware stack levels required when called:    1
 This function calls:
		_LCD_CHAR
 This function is called by:
		_main
 This function uses a non-reentrant model


 *************** function _LCD_CHAR *****************
 Defined at:
		line 88 in file "LCD.c"
 Parameters:    Size  Location     Type
  a               1    wreg     unsigned char 
 Auto vars:     Size  Location     Type
  a               1    1[COMMON] unsigned char 
 Return value:  Size  Location     Type
                  1    wreg      void 
 Registers used:
		wreg
 Tracked objects:
		On entry : 
		On exit  : 
		Unchanged: 
 Data sizes:     COMMON   BANK0   BANK1   BANK3   BANK2
      Params:         0       0       0       0       0
      Locals:         1       0       0       0       0
      Temps:          1       0       0       0       0
      Totals:         2       0       0       0       0
Total ram usage:        2 bytes
 Hardware stack levels used:    1
 This function calls:
		Nothing
 This function is called by:
		_LCD_STRING
 This function uses a non-reentrant model


 *************** function _LCD_CURSOR *****************
 Defined at:
		line 71 in file "LCD.c"
 Parameters:    Size  Location     Type
  a               2    4[COMMON] int 
  b               2    6[COMMON] int 
 Auto vars:     Size  Location     Type
  d               2    8[COMMON] int 
 Return value:  Size  Location     Type
                  1    wreg      void 
 Registers used:
		wreg, status,2, status,0, pclath, cstack
 Tracked objects:
		On entry : 
		On exit  : 
		Unchanged: 
 Data sizes:     COMMON   BANK0   BANK1   BANK3   BANK2
      Params:         4       0       0       0       0
      Locals:         2       0       0       0       0
      Temps:          0       0       0       0       0
      Totals:         6       0       0       0       0
Total ram usage:        6 bytes
 Hardware stack levels used:    1
 Hardware stack levels required when called:    1
 This function calls:
		_LCD_DATO
 This function is called by:
		_main
 This function uses a non-reentrant model


 *************** function _LCD_DATO *****************
 Defined at:
		line 61 in file "LCD.c"
 Parameters:    Size  Location     Type
  var             2    0[COMMON] int 
 Auto vars:     Size  Location     Type
		None
 Return value:  Size  Location     Type
                  1    wreg      void 
 Registers used:
		wreg
 Tracked objects:
		On entry : 
		On exit  : 
		Unchanged: 
 Data sizes:     COMMON   BANK0   BANK1   BANK3   BANK2
      Params:         2       0       0       0       0
      Locals:         0       0       0       0       0
      Temps:          2       0       0       0       0
      Totals:         4       0       0       0       0
Total ram usage:        4 bytes
 Hardware stack levels used:    1
 This function calls:
		Nothing
 This function is called by:
		_LCD_CURSOR
		_main
 This function uses a non-reentrant model


 *************** function _I2C_Master_Init *****************
 Defined at:
		line 21 in file "I2C.c"
 Parameters:    Size  Location     Type
  c               4    0[BANK0 ] const unsigned long 
 Auto vars:     Size  Location     Type
		None
 Return value:  Size  Location     Type
                  1    wreg      void 
 Registers used:
		wreg, status,2, status,0, pclath, cstack
 Tracked objects:
		On entry : 
		On exit  : 
		Unchanged: 
 Data sizes:     COMMON   BANK0   BANK1   BANK3   BANK2
      Params:         0       4       0       0       0
      Locals:         0       0       0       0       0
      Temps:          0       4       0       0       0
      Totals:         0       8       0       0       0
Total ram usage:        8 bytes
 Hardware stack levels used:    1
 Hardware stack levels required when called:    1
 This function calls:
		___lldiv
 This function is called by:
		_main
 This function uses a non-reentrant model


 *************** function ___lldiv *****************
 Defined at:
		line 5 in file "C:\Program Files (x86)\Microchip\xc8\v2.00\pic\sources\c90\common\__lldiv.c"
 Parameters:    Size  Location     Type
  divisor         4    0[COMMON] unsigned long 
  dividend        4    4[COMMON] unsigned long 
 Auto vars:     Size  Location     Type
  quotient        4    9[COMMON] unsigned long 
  counter         1   13[COMMON] unsigned char 
 Return value:  Size  Location     Type
                  4    0[COMMON] unsigned long 
 Registers used:
		wreg, status,2, status,0
 Tracked objects:
		On entry : 
		On exit  : 
		Unchanged: 
 Data sizes:     COMMON   BANK0   BANK1   BANK3   BANK2
      Params:         8       0       0       0       0
      Locals:         5       0       0       0       0
      Temps:          1       0       0       0       0
      Totals:        14       0       0       0       0
Total ram usage:       14 bytes
 Hardware stack levels used:    1
 This function calls:
		Nothing
 This function is called by:
		_I2C_Master_Init
 This function uses a non-reentrant model


 *************** function _BCD2UpperCh *****************
 Defined at:
		line 51 in file "Pri-Master.c"
 Parameters:    Size  Location     Type
  bcd             1    wreg     unsigned char 
 Auto vars:     Size  Location     Type
  bcd             1    1[COMMON] unsigned char 
 Return value:  Size  Location     Type
                  1    wreg      unsigned char 
 Registers used:
		wreg, status,2, status,0
 Tracked objects:
		On entry : 
		On exit  : 
		Unchanged: 
 Data sizes:     COMMON   BANK0   BANK1   BANK3   BANK2
      Params:         0       0       0       0       0
      Locals:         1       0       0       0       0
      Temps:          1       0       0       0       0
      Totals:         2       0       0       0       0
Total ram usage:        2 bytes
 Hardware stack levels used:    1
 This function calls:
		Nothing
 This function is called by:
		_main
 This function uses a non-reentrant model


 *************** function _BCD2LowerCh *****************
 Defined at:
		line 56 in file "Pri-Master.c"
 Parameters:    Size  Location     Type
  bcd             1    wreg     unsigned char 
 Auto vars:     Size  Location     Type
  bcd             1    0[COMMON] unsigned char 
 Return value:  Size  Location     Type
                  1    wreg      unsigned char 
 Registers used:
		wreg, status,2, status,0
 Tracked objects:
		On entry : 
		On exit  : 
		Unchanged: 
 Data sizes:     COMMON   BANK0   BANK1   BANK3   BANK2
      Params:         0       0       0       0       0
      Locals:         1       0       0       0       0
      Temps:          0       0       0       0       0
      Totals:         1       0       0       0       0
Total ram usage:        1 bytes
 Hardware stack levels used:    1
 This function calls:
		Nothing
 This function is called by:
		_main
 This function uses a non-reentrant model



MODULE INFORMATION

Module		Function		Class		Link	Load	Size
C:\Program Files (x86)\Microchip\xc8\v2.00\pic\sources\c90\common\atoi.c
		_atoi          		CODE           	0245	0000	134

C:\Program Files (x86)\Microchip\xc8\v2.00\pic\sources\c90\common\atoi.c estimated size: 134

C:\Program Files (x86)\Microchip\xc8\v2.00\pic\sources\c90\common\lwmod.c
		___lwmod       		CODE           	0108	0000	66

C:\Program Files (x86)\Microchip\xc8\v2.00\pic\sources\c90\common\lwmod.c estimated size: 66

C:\Program Files (x86)\Microchip\xc8\v2.00\pic\sources\c90\common\doprnt.c
		_sprintf       		CODE           	02CA	0000	396

C:\Program Files (x86)\Microchip\xc8\v2.00\pic\sources\c90\common\doprnt.c estimated size: 396

USART1.c
		_config        		CODE           	0E49	0000	21
		_mandar        		CODE           	0052	0000	14

USART1.c estimated size: 35

C:\Program Files (x86)\Microchip\xc8\v2.00\pic\sources\c90\common\Umul16.c
		___wmul        		CODE           	0EB9	0000	41

C:\Program Files (x86)\Microchip\xc8\v2.00\pic\sources\c90\common\Umul16.c estimated size: 41

I2C.c
		_I2C_Master_Read		CODE           	0F38	0000	48
		_I2C_Master_Wait		CODE           	0DF1	0000	16
		_I2C_Master_Init		CODE           	0094	0000	57
		_I2C_Master_Stop		CODE           	0DB6	0000	10
		_I2C_Master_RepeatedStart		CODE           	0DA4	0000	10
		_I2C_Master_Write		CODE           	0DBF	0000	11
		_I2C_Master_Start		CODE           	0DAD	0000	10

I2C.c estimated size: 162

C:\Program Files (x86)\Microchip\xc8\v2.00\pic\sources\c90\common\__lldiv.c
		___lldiv       		CODE           	01D8	0000	110

C:\Program Files (x86)\Microchip\xc8\v2.00\pic\sources\c90\common\__lldiv.c estimated size: 110

C:\Program Files (x86)\Microchip\xc8\v2.00\pic\sources\c90\common\lwdiv.c
		___lwdiv       		CODE           	018D	0000	76

C:\Program Files (x86)\Microchip\xc8\v2.00\pic\sources\c90\common\lwdiv.c estimated size: 76

C:\Program Files (x86)\Microchip\xc8\v2.00\pic\sources\c90\common\isdigit.c
		_isdigit       		CODE           	0E35	0000	21

C:\Program Files (x86)\Microchip\xc8\v2.00\pic\sources\c90\common\isdigit.c estimated size: 21

C:\Program Files (x86)\Microchip\xc8\v2.00\pic\sources\c90\common\Umul8.c
		___bmul        		CODE           	0E5D	0000	26

C:\Program Files (x86)\Microchip\xc8\v2.00\pic\sources\c90\common\Umul8.c estimated size: 26

shared
		__stringtab    		STRING         	0003	0000	17
		_dpowers       		STRING         	0013	0000	11
		__initialization		CODE           	07D1	0000	44

shared estimated size: 72

Pri-Master.c
		_read_ds1307   		CODE           	00CC	0000	61
		_servo0        		CODE           	0FCC	0000	53
		_main          		CODE           	0455	0000	893
		_BCD2LowerCh   		CODE           	0D96	0000	7
		_BCD2UpperCh   		CODE           	0DD5	0000	14
		_servo180      		CODE           	005F	0000	54

Pri-Master.c estimated size: 1082

LCD.c
		_LCD_STRING    		CODE           	0149	0000	69
		_delay         		CODE           	0F67	0000	51
		_lcd_cmd       		CODE           	0E10	0000	19
		_LCD_DATO      		CODE           	0E95	0000	37
		_LCD_CHAR      		CODE           	0DE2	0000	16
		_lcd_lat       		CODE           	0E00	0000	17
		_LCD_CURSOR    		CODE           	0F99	0000	52
		_lcd_ready     		CODE           	0F0B	0000	46
		_lcd_init      		CODE           	0E76	0000	32

LCD.c estimated size: 339

